
===========================================================================
report_checks -path_delay max (Setup)
============================================================================
======================= Typical Corner ===================================

Startpoint: address[2] (input port clocked by clk)
Endpoint: data_out[1] (output port clocked by clk)
Path Group: clk
Path Type: max

Fanout     Cap    Slew   Delay    Time   Description
-----------------------------------------------------------------------------
                          0.00    0.00   clock clk (rise edge)
                          0.00    0.00   clock network delay (propagated)
                          2.00    2.00 v input external delay
                  0.01    0.01    2.01 v address[2] (in)
     1    0.00                           address[2] (net)
                  0.01    0.00    2.01 v input1/A (sky130_fd_sc_hd__clkbuf_4)
                  0.08    0.17    2.18 v input1/X (sky130_fd_sc_hd__clkbuf_4)
     5    0.03                           net1 (net)
                  0.08    0.01    2.19 v _042_/A (sky130_fd_sc_hd__nor4_1)
                  0.32    0.37    2.56 ^ _042_/Y (sky130_fd_sc_hd__nor4_1)
     2    0.01                           _013_ (net)
                  0.32    0.00    2.56 ^ _052_/B1 (sky130_fd_sc_hd__a31o_1)
                  0.05    0.15    2.71 ^ _052_/X (sky130_fd_sc_hd__a31o_1)
     1    0.00                           _022_ (net)
                  0.05    0.00    2.71 ^ _053_/B1 (sky130_fd_sc_hd__a22o_1)
                  0.05    0.13    2.84 ^ _053_/X (sky130_fd_sc_hd__a22o_1)
     1    0.00                           _023_ (net)
                  0.05    0.00    2.84 ^ _054_/A2 (sky130_fd_sc_hd__o21a_2)
                  0.15    0.21    3.05 ^ _054_/X (sky130_fd_sc_hd__o21a_2)
     1    0.03                           net16 (net)
                  0.15    0.00    3.05 ^ output16/A (sky130_fd_sc_hd__clkbuf_4)
                  0.11    0.24    3.29 ^ output16/X (sky130_fd_sc_hd__clkbuf_4)
     1    0.03                           data_out[1] (net)
                  0.11    0.00    3.29 ^ data_out[1] (out)
                                  3.29   data arrival time

                         10.00   10.00   clock clk (rise edge)
                          0.00   10.00   clock network delay (propagated)
                         -0.25    9.75   clock uncertainty
                          0.00    9.75   clock reconvergence pessimism
                         -2.00    7.75   output external delay
                                  7.75   data required time
-----------------------------------------------------------------------------
                                  7.75   data required time
                                 -3.29   data arrival time
-----------------------------------------------------------------------------
                                  4.46   slack (MET)


Startpoint: address[2] (input port clocked by clk)
Endpoint: data_out[0] (output port clocked by clk)
Path Group: clk
Path Type: max

Fanout     Cap    Slew   Delay    Time   Description
-----------------------------------------------------------------------------
                          0.00    0.00   clock clk (rise edge)
                          0.00    0.00   clock network delay (propagated)
                          2.00    2.00 v input external delay
                  0.01    0.01    2.01 v address[2] (in)
     1    0.00                           address[2] (net)
                  0.01    0.00    2.01 v input1/A (sky130_fd_sc_hd__clkbuf_4)
                  0.08    0.17    2.18 v input1/X (sky130_fd_sc_hd__clkbuf_4)
     5    0.03                           net1 (net)
                  0.08    0.01    2.19 v _042_/A (sky130_fd_sc_hd__nor4_1)
                  0.32    0.37    2.56 ^ _042_/Y (sky130_fd_sc_hd__nor4_1)
     2    0.01                           _013_ (net)
                  0.32    0.00    2.56 ^ max_cap20/A (sky130_fd_sc_hd__clkbuf_1)
                  0.09    0.17    2.72 ^ max_cap20/X (sky130_fd_sc_hd__clkbuf_1)
     2    0.01                           net20 (net)
                  0.09    0.00    2.72 ^ _044_/A2 (sky130_fd_sc_hd__a22o_1)
                  0.06    0.16    2.88 ^ _044_/X (sky130_fd_sc_hd__a22o_1)
     1    0.00                           _015_ (net)
                  0.06    0.00    2.88 ^ _046_/A2 (sky130_fd_sc_hd__o21a_2)
                  0.11    0.18    3.06 ^ _046_/X (sky130_fd_sc_hd__o21a_2)
     1    0.02                           net15 (net)
                  0.11    0.00    3.06 ^ output15/A (sky130_fd_sc_hd__clkbuf_4)
                  0.11    0.22    3.28 ^ output15/X (sky130_fd_sc_hd__clkbuf_4)
     1    0.03                           data_out[0] (net)
                  0.11    0.00    3.28 ^ data_out[0] (out)
                                  3.28   data arrival time

                         10.00   10.00   clock clk (rise edge)
                          0.00   10.00   clock network delay (propagated)
                         -0.25    9.75   clock uncertainty
                          0.00    9.75   clock reconvergence pessimism
                         -2.00    7.75   output external delay
                                  7.75   data required time
-----------------------------------------------------------------------------
                                  7.75   data required time
                                 -3.28   data arrival time
-----------------------------------------------------------------------------
                                  4.47   slack (MET)


Startpoint: address[5] (input port clocked by clk)
Endpoint: data_out[2] (output port clocked by clk)
Path Group: clk
Path Type: max

Fanout     Cap    Slew   Delay    Time   Description
-----------------------------------------------------------------------------
                          0.00    0.00   clock clk (rise edge)
                          0.00    0.00   clock network delay (propagated)
                          2.00    2.00 v input external delay
                  0.02    0.01    2.01 v address[5] (in)
     1    0.01                           address[5] (net)
                  0.02    0.00    2.01 v input4/A (sky130_fd_sc_hd__clkbuf_2)
                  0.04    0.11    2.12 v input4/X (sky130_fd_sc_hd__clkbuf_2)
     4    0.01                           net4 (net)
                  0.04    0.00    2.12 v _039_/A (sky130_fd_sc_hd__nor2_1)
                  0.18    0.18    2.30 ^ _039_/Y (sky130_fd_sc_hd__nor2_1)
     3    0.01                           _010_ (net)
                  0.18    0.00    2.30 ^ _043_/C (sky130_fd_sc_hd__and3b_1)
                  0.17    0.29    2.58 ^ _043_/X (sky130_fd_sc_hd__and3b_1)
     5    0.02                           _014_ (net)
                  0.17    0.00    2.58 ^ _055_/A2 (sky130_fd_sc_hd__a22o_1)
                  0.04    0.17    2.75 ^ _055_/X (sky130_fd_sc_hd__a22o_1)
     1    0.00                           _024_ (net)
                  0.04    0.00    2.75 ^ _056_/B (sky130_fd_sc_hd__and2_1)
                  0.04    0.12    2.87 ^ _056_/X (sky130_fd_sc_hd__and2_1)
     1    0.00                           _025_ (net)
                  0.04    0.00    2.87 ^ _057_/A (sky130_fd_sc_hd__buf_1)
                  0.04    0.08    2.95 ^ _057_/X (sky130_fd_sc_hd__buf_1)
     1    0.00                           net17 (net)
                  0.04    0.00    2.95 ^ output17/A (sky130_fd_sc_hd__clkbuf_4)
                  0.11    0.19    3.14 ^ output17/X (sky130_fd_sc_hd__clkbuf_4)
     1    0.03                           data_out[2] (net)
                  0.11    0.00    3.14 ^ data_out[2] (out)
                                  3.14   data arrival time

                         10.00   10.00   clock clk (rise edge)
                          0.00   10.00   clock network delay (propagated)
                         -0.25    9.75   clock uncertainty
                          0.00    9.75   clock reconvergence pessimism
                         -2.00    7.75   output external delay
                                  7.75   data required time
-----------------------------------------------------------------------------
                                  7.75   data required time
                                 -3.14   data arrival time
-----------------------------------------------------------------------------
                                  4.61   slack (MET)


Startpoint: address[5] (input port clocked by clk)
Endpoint: data_out[3] (output port clocked by clk)
Path Group: clk
Path Type: max

Fanout     Cap    Slew   Delay    Time   Description
-----------------------------------------------------------------------------
                          0.00    0.00   clock clk (rise edge)
                          0.00    0.00   clock network delay (propagated)
                          2.00    2.00 v input external delay
                  0.02    0.01    2.01 v address[5] (in)
     1    0.01                           address[5] (net)
                  0.02    0.00    2.01 v input4/A (sky130_fd_sc_hd__clkbuf_2)
                  0.04    0.11    2.12 v input4/X (sky130_fd_sc_hd__clkbuf_2)
     4    0.01                           net4 (net)
                  0.04    0.00    2.12 v _039_/A (sky130_fd_sc_hd__nor2_1)
                  0.18    0.18    2.30 ^ _039_/Y (sky130_fd_sc_hd__nor2_1)
     3    0.01                           _010_ (net)
                  0.18    0.00    2.30 ^ _043_/C (sky130_fd_sc_hd__and3b_1)
                  0.17    0.29    2.58 ^ _043_/X (sky130_fd_sc_hd__and3b_1)
     5    0.02                           _014_ (net)
                  0.17    0.00    2.58 ^ _058_/C (sky130_fd_sc_hd__and3_1)
                  0.05    0.18    2.76 ^ _058_/X (sky130_fd_sc_hd__and3_1)
     1    0.00                           _026_ (net)
                  0.05    0.00    2.76 ^ _059_/A (sky130_fd_sc_hd__buf_2)
                  0.03    0.09    2.85 ^ _059_/X (sky130_fd_sc_hd__buf_2)
     1    0.00                           net18 (net)
                  0.03    0.00    2.85 ^ output18/A (sky130_fd_sc_hd__clkbuf_4)
                  0.11    0.19    3.04 ^ output18/X (sky130_fd_sc_hd__clkbuf_4)
     1    0.03                           data_out[3] (net)
                  0.11    0.00    3.04 ^ data_out[3] (out)
                                  3.04   data arrival time

                         10.00   10.00   clock clk (rise edge)
                          0.00   10.00   clock network delay (propagated)
                         -0.25    9.75   clock uncertainty
                          0.00    9.75   clock reconvergence pessimism
                         -2.00    7.75   output external delay
                                  7.75   data required time
-----------------------------------------------------------------------------
                                  7.75   data required time
                                 -3.04   data arrival time
-----------------------------------------------------------------------------
                                  4.71   slack (MET)


Startpoint: address[2] (input port clocked by clk)
Endpoint: _084_ (rising edge-triggered flip-flop clocked by clk)
Path Group: clk
Path Type: max

Fanout     Cap    Slew   Delay    Time   Description
-----------------------------------------------------------------------------
                          0.00    0.00   clock clk (rise edge)
                          0.00    0.00   clock network delay (propagated)
                          2.00    2.00 v input external delay
                  0.01    0.01    2.01 v address[2] (in)
     1    0.00                           address[2] (net)
                  0.01    0.00    2.01 v input1/A (sky130_fd_sc_hd__clkbuf_4)
                  0.08    0.17    2.18 v input1/X (sky130_fd_sc_hd__clkbuf_4)
     5    0.03                           net1 (net)
                  0.08    0.01    2.19 v _042_/A (sky130_fd_sc_hd__nor4_1)
                  0.32    0.37    2.56 ^ _042_/Y (sky130_fd_sc_hd__nor4_1)
     2    0.01                           _013_ (net)
                  0.32    0.00    2.56 ^ max_cap20/A (sky130_fd_sc_hd__clkbuf_1)
                  0.09    0.17    2.72 ^ max_cap20/X (sky130_fd_sc_hd__clkbuf_1)
     2    0.01                           net20 (net)
                  0.09    0.00    2.72 ^ _060_/B1_N (sky130_fd_sc_hd__a21boi_2)
                  0.15    0.21    2.94 ^ _060_/Y (sky130_fd_sc_hd__a21boi_2)
     3    0.01                           _027_ (net)
                  0.15    0.00    2.94 ^ _061_/B (sky130_fd_sc_hd__nand2_1)
                  0.05    0.08    3.02 v _061_/Y (sky130_fd_sc_hd__nand2_1)
     1    0.00                           _028_ (net)
                  0.05    0.00    3.02 v _062_/A2 (sky130_fd_sc_hd__a21o_1)
                  0.04    0.19    3.20 v _062_/X (sky130_fd_sc_hd__a21o_1)
     1    0.00                           _001_ (net)
                  0.04    0.00    3.20 v hold4/A (sky130_fd_sc_hd__dlygate4sd3_1)
                  0.05    0.57    3.78 v hold4/X (sky130_fd_sc_hd__dlygate4sd3_1)
     1    0.00                           net61 (net)
                  0.05    0.00    3.78 v _084_/D (sky130_fd_sc_hd__dfrtp_1)
                                  3.78   data arrival time

                         10.00   10.00   clock clk (rise edge)
                          0.00   10.00   clock source latency
                  0.11    0.07   10.07 ^ clk (in)
     1    0.02                           clk (net)
                  0.11    0.00   10.07 ^ clkbuf_0_clk/A (sky130_fd_sc_hd__clkbuf_16)
                  0.04    0.14   10.22 ^ clkbuf_0_clk/X (sky130_fd_sc_hd__clkbuf_16)
     2    0.02                           clknet_0_clk (net)
                  0.04    0.00   10.22 ^ clkbuf_1_1__f_clk/A (sky130_fd_sc_hd__clkbuf_16)
                  0.03    0.11   10.33 ^ clkbuf_1_1__f_clk/X (sky130_fd_sc_hd__clkbuf_16)
     6    0.01                           clknet_1_1__leaf_clk (net)
                  0.03    0.00   10.33 ^ _084_/CLK (sky130_fd_sc_hd__dfrtp_1)
                         -0.25   10.08   clock uncertainty
                          0.00   10.08   clock reconvergence pessimism
                         -0.12    9.96   library setup time
                                  9.96   data required time
-----------------------------------------------------------------------------
                                  9.96   data required time
                                 -3.78   data arrival time
-----------------------------------------------------------------------------
                                  6.18   slack (MET)


Startpoint: address[2] (input port clocked by clk)
Endpoint: _085_ (rising edge-triggered flip-flop clocked by clk)
Path Group: clk
Path Type: max

Fanout     Cap    Slew   Delay    Time   Description
-----------------------------------------------------------------------------
                          0.00    0.00   clock clk (rise edge)
                          0.00    0.00   clock network delay (propagated)
                          2.00    2.00 v input external delay
                  0.01    0.01    2.01 v address[2] (in)
     1    0.00                           address[2] (net)
                  0.01    0.00    2.01 v input1/A (sky130_fd_sc_hd__clkbuf_4)
                  0.08    0.17    2.18 v input1/X (sky130_fd_sc_hd__clkbuf_4)
     5    0.03                           net1 (net)
                  0.08    0.01    2.19 v _042_/A (sky130_fd_sc_hd__nor4_1)
                  0.32    0.37    2.56 ^ _042_/Y (sky130_fd_sc_hd__nor4_1)
     2    0.01                           _013_ (net)
                  0.32    0.00    2.56 ^ max_cap20/A (sky130_fd_sc_hd__clkbuf_1)
                  0.09    0.17    2.72 ^ max_cap20/X (sky130_fd_sc_hd__clkbuf_1)
     2    0.01                           net20 (net)
                  0.09    0.00    2.72 ^ _060_/B1_N (sky130_fd_sc_hd__a21boi_2)
                  0.15    0.21    2.94 ^ _060_/Y (sky130_fd_sc_hd__a21boi_2)
     3    0.01                           _027_ (net)
                  0.15    0.00    2.94 ^ _072_/S (sky130_fd_sc_hd__mux2_1)
                  0.06    0.36    3.30 v _072_/X (sky130_fd_sc_hd__mux2_1)
     1    0.00                           _034_ (net)
                  0.06    0.00    3.30 v _073_/A (sky130_fd_sc_hd__clkbuf_1)
                  0.03    0.10    3.40 v _073_/X (sky130_fd_sc_hd__clkbuf_1)
     1    0.00                           _006_ (net)
                  0.03    0.00    3.40 v _085_/D (sky130_fd_sc_hd__dfrtp_1)
                                  3.40   data arrival time

                         10.00   10.00   clock clk (rise edge)
                          0.00   10.00   clock source latency
                  0.11    0.07   10.07 ^ clk (in)
     1    0.02                           clk (net)
                  0.11    0.00   10.07 ^ clkbuf_0_clk/A (sky130_fd_sc_hd__clkbuf_16)
                  0.04    0.14   10.22 ^ clkbuf_0_clk/X (sky130_fd_sc_hd__clkbuf_16)
     2    0.02                           clknet_0_clk (net)
                  0.04    0.00   10.22 ^ clkbuf_1_1__f_clk/A (sky130_fd_sc_hd__clkbuf_16)
                  0.03    0.11   10.33 ^ clkbuf_1_1__f_clk/X (sky130_fd_sc_hd__clkbuf_16)
     6    0.01                           clknet_1_1__leaf_clk (net)
                  0.03    0.00   10.33 ^ _085_/CLK (sky130_fd_sc_hd__dfrtp_1)
                         -0.25   10.08   clock uncertainty
                          0.00   10.08   clock reconvergence pessimism
                         -0.11    9.97   library setup time
                                  9.97   data required time
-----------------------------------------------------------------------------
                                  9.97   data required time
                                 -3.40   data arrival time
-----------------------------------------------------------------------------
                                  6.57   slack (MET)


Startpoint: address[2] (input port clocked by clk)
Endpoint: _086_ (rising edge-triggered flip-flop clocked by clk)
Path Group: clk
Path Type: max

Fanout     Cap    Slew   Delay    Time   Description
-----------------------------------------------------------------------------
                          0.00    0.00   clock clk (rise edge)
                          0.00    0.00   clock network delay (propagated)
                          2.00    2.00 v input external delay
                  0.01    0.01    2.01 v address[2] (in)
     1    0.00                           address[2] (net)
                  0.01    0.00    2.01 v input1/A (sky130_fd_sc_hd__clkbuf_4)
                  0.08    0.17    2.18 v input1/X (sky130_fd_sc_hd__clkbuf_4)
     5    0.03                           net1 (net)
                  0.08    0.01    2.19 v _042_/A (sky130_fd_sc_hd__nor4_1)
                  0.32    0.37    2.56 ^ _042_/Y (sky130_fd_sc_hd__nor4_1)
     2    0.01                           _013_ (net)
                  0.32    0.00    2.56 ^ max_cap20/A (sky130_fd_sc_hd__clkbuf_1)
                  0.09    0.17    2.72 ^ max_cap20/X (sky130_fd_sc_hd__clkbuf_1)
     2    0.01                           net20 (net)
                  0.09    0.00    2.72 ^ _060_/B1_N (sky130_fd_sc_hd__a21boi_2)
                  0.15    0.21    2.94 ^ _060_/Y (sky130_fd_sc_hd__a21boi_2)
     3    0.01                           _027_ (net)
                  0.15    0.00    2.94 ^ _074_/S (sky130_fd_sc_hd__mux2_1)
                  0.05    0.35    3.29 v _074_/X (sky130_fd_sc_hd__mux2_1)
     1    0.00                           _035_ (net)
                  0.05    0.00    3.29 v _075_/A (sky130_fd_sc_hd__clkbuf_1)
                  0.03    0.10    3.38 v _075_/X (sky130_fd_sc_hd__clkbuf_1)
     1    0.00                           _007_ (net)
                  0.03    0.00    3.38 v _086_/D (sky130_fd_sc_hd__dfrtp_1)
                                  3.38   data arrival time

                         10.00   10.00   clock clk (rise edge)
                          0.00   10.00   clock source latency
                  0.11    0.07   10.07 ^ clk (in)
     1    0.02                           clk (net)
                  0.11    0.00   10.07 ^ clkbuf_0_clk/A (sky130_fd_sc_hd__clkbuf_16)
                  0.04    0.14   10.22 ^ clkbuf_0_clk/X (sky130_fd_sc_hd__clkbuf_16)
     2    0.02                           clknet_0_clk (net)
                  0.04    0.00   10.22 ^ clkbuf_1_0__f_clk/A (sky130_fd_sc_hd__clkbuf_16)
                  0.03    0.11   10.32 ^ clkbuf_1_0__f_clk/X (sky130_fd_sc_hd__clkbuf_16)
     5    0.01                           clknet_1_0__leaf_clk (net)
                  0.03    0.00   10.32 ^ _086_/CLK (sky130_fd_sc_hd__dfrtp_1)
                         -0.25   10.07   clock uncertainty
                          0.00   10.07   clock reconvergence pessimism
                         -0.11    9.96   library setup time
                                  9.96   data required time
-----------------------------------------------------------------------------
                                  9.96   data required time
                                 -3.38   data arrival time
-----------------------------------------------------------------------------
                                  6.58   slack (MET)


Startpoint: address[5] (input port clocked by clk)
Endpoint: _080_ (rising edge-triggered flip-flop clocked by clk)
Path Group: clk
Path Type: max

Fanout     Cap    Slew   Delay    Time   Description
-----------------------------------------------------------------------------
                          0.00    0.00   clock clk (rise edge)
                          0.00    0.00   clock network delay (propagated)
                          2.00    2.00 v input external delay
                  0.02    0.01    2.01 v address[5] (in)
     1    0.01                           address[5] (net)
                  0.02    0.00    2.01 v input4/A (sky130_fd_sc_hd__clkbuf_2)
                  0.04    0.11    2.12 v input4/X (sky130_fd_sc_hd__clkbuf_2)
     4    0.01                           net4 (net)
                  0.04    0.00    2.12 v _039_/A (sky130_fd_sc_hd__nor2_1)
                  0.18    0.18    2.30 ^ _039_/Y (sky130_fd_sc_hd__nor2_1)
     3    0.01                           _010_ (net)
                  0.18    0.00    2.30 ^ _043_/C (sky130_fd_sc_hd__and3b_1)
                  0.17    0.29    2.58 ^ _043_/X (sky130_fd_sc_hd__and3b_1)
     5    0.02                           _014_ (net)
                  0.17    0.00    2.58 ^ _063_/B1_N (sky130_fd_sc_hd__a21boi_2)
                  0.24    0.31    2.90 ^ _063_/Y (sky130_fd_sc_hd__a21boi_2)
     4    0.02                           _029_ (net)
                  0.24    0.00    2.90 ^ _068_/S (sky130_fd_sc_hd__mux2_1)
                  0.06    0.37    3.27 v _068_/X (sky130_fd_sc_hd__mux2_1)
     1    0.00                           _032_ (net)
                  0.06    0.00    3.27 v _069_/A (sky130_fd_sc_hd__clkbuf_1)
                  0.03    0.10    3.37 v _069_/X (sky130_fd_sc_hd__clkbuf_1)
     1    0.00                           _004_ (net)
                  0.03    0.00    3.37 v _080_/D (sky130_fd_sc_hd__dfrtp_1)
                                  3.37   data arrival time

                         10.00   10.00   clock clk (rise edge)
                          0.00   10.00   clock source latency
                  0.11    0.07   10.07 ^ clk (in)
     1    0.02                           clk (net)
                  0.11    0.00   10.07 ^ clkbuf_0_clk/A (sky130_fd_sc_hd__clkbuf_16)
                  0.04    0.14   10.22 ^ clkbuf_0_clk/X (sky130_fd_sc_hd__clkbuf_16)
     2    0.02                           clknet_0_clk (net)
                  0.04    0.00   10.22 ^ clkbuf_1_0__f_clk/A (sky130_fd_sc_hd__clkbuf_16)
                  0.03    0.11   10.32 ^ clkbuf_1_0__f_clk/X (sky130_fd_sc_hd__clkbuf_16)
     5    0.01                           clknet_1_0__leaf_clk (net)
                  0.03    0.00   10.32 ^ _080_/CLK (sky130_fd_sc_hd__dfrtp_1)
                         -0.25   10.07   clock uncertainty
                          0.00   10.07   clock reconvergence pessimism
                         -0.11    9.96   library setup time
                                  9.96   data required time
-----------------------------------------------------------------------------
                                  9.96   data required time
                                 -3.37   data arrival time
-----------------------------------------------------------------------------
                                  6.59   slack (MET)


Startpoint: address[5] (input port clocked by clk)
Endpoint: _081_ (rising edge-triggered flip-flop clocked by clk)
Path Group: clk
Path Type: max

Fanout     Cap    Slew   Delay    Time   Description
-----------------------------------------------------------------------------
                          0.00    0.00   clock clk (rise edge)
                          0.00    0.00   clock network delay (propagated)
                          2.00    2.00 v input external delay
                  0.02    0.01    2.01 v address[5] (in)
     1    0.01                           address[5] (net)
                  0.02    0.00    2.01 v input4/A (sky130_fd_sc_hd__clkbuf_2)
                  0.04    0.11    2.12 v input4/X (sky130_fd_sc_hd__clkbuf_2)
     4    0.01                           net4 (net)
                  0.04    0.00    2.12 v _039_/A (sky130_fd_sc_hd__nor2_1)
                  0.18    0.18    2.30 ^ _039_/Y (sky130_fd_sc_hd__nor2_1)
     3    0.01                           _010_ (net)
                  0.18    0.00    2.30 ^ _043_/C (sky130_fd_sc_hd__and3b_1)
                  0.17    0.29    2.58 ^ _043_/X (sky130_fd_sc_hd__and3b_1)
     5    0.02                           _014_ (net)
                  0.17    0.00    2.58 ^ _063_/B1_N (sky130_fd_sc_hd__a21boi_2)
                  0.24    0.31    2.90 ^ _063_/Y (sky130_fd_sc_hd__a21boi_2)
     4    0.02                           _029_ (net)
                  0.24    0.00    2.90 ^ _070_/S (sky130_fd_sc_hd__mux2_1)
                  0.06    0.37    3.27 v _070_/X (sky130_fd_sc_hd__mux2_1)
     1    0.00                           _033_ (net)
                  0.06    0.00    3.27 v _071_/A (sky130_fd_sc_hd__clkbuf_1)
                  0.03    0.10    3.37 v _071_/X (sky130_fd_sc_hd__clkbuf_1)
     1    0.00                           _005_ (net)
                  0.03    0.00    3.37 v _081_/D (sky130_fd_sc_hd__dfrtp_1)
                                  3.37   data arrival time

                         10.00   10.00   clock clk (rise edge)
                          0.00   10.00   clock source latency
                  0.11    0.07   10.07 ^ clk (in)
     1    0.02                           clk (net)
                  0.11    0.00   10.07 ^ clkbuf_0_clk/A (sky130_fd_sc_hd__clkbuf_16)
                  0.04    0.14   10.22 ^ clkbuf_0_clk/X (sky130_fd_sc_hd__clkbuf_16)
     2    0.02                           clknet_0_clk (net)
                  0.04    0.00   10.22 ^ clkbuf_1_0__f_clk/A (sky130_fd_sc_hd__clkbuf_16)
                  0.03    0.11   10.32 ^ clkbuf_1_0__f_clk/X (sky130_fd_sc_hd__clkbuf_16)
     5    0.01                           clknet_1_0__leaf_clk (net)
                  0.03    0.00   10.32 ^ _081_/CLK (sky130_fd_sc_hd__dfrtp_1)
                         -0.25   10.07   clock uncertainty
                          0.00   10.07   clock reconvergence pessimism
                         -0.11    9.96   library setup time
                                  9.96   data required time
-----------------------------------------------------------------------------
                                  9.96   data required time
                                 -3.37   data arrival time
-----------------------------------------------------------------------------
                                  6.60   slack (MET)


Startpoint: address[5] (input port clocked by clk)
Endpoint: _079_ (rising edge-triggered flip-flop clocked by clk)
Path Group: clk
Path Type: max

Fanout     Cap    Slew   Delay    Time   Description
-----------------------------------------------------------------------------
                          0.00    0.00   clock clk (rise edge)
                          0.00    0.00   clock network delay (propagated)
                          2.00    2.00 v input external delay
                  0.02    0.01    2.01 v address[5] (in)
     1    0.01                           address[5] (net)
                  0.02    0.00    2.01 v input4/A (sky130_fd_sc_hd__clkbuf_2)
                  0.04    0.11    2.12 v input4/X (sky130_fd_sc_hd__clkbuf_2)
     4    0.01                           net4 (net)
                  0.04    0.00    2.12 v _039_/A (sky130_fd_sc_hd__nor2_1)
                  0.18    0.18    2.30 ^ _039_/Y (sky130_fd_sc_hd__nor2_1)
     3    0.01                           _010_ (net)
                  0.18    0.00    2.30 ^ _043_/C (sky130_fd_sc_hd__and3b_1)
                  0.17    0.29    2.58 ^ _043_/X (sky130_fd_sc_hd__and3b_1)
     5    0.02                           _014_ (net)
                  0.17    0.00    2.58 ^ _063_/B1_N (sky130_fd_sc_hd__a21boi_2)
                  0.24    0.31    2.90 ^ _063_/Y (sky130_fd_sc_hd__a21boi_2)
     4    0.02                           _029_ (net)
                  0.24    0.00    2.90 ^ _066_/S (sky130_fd_sc_hd__mux2_1)
                  0.06    0.37    3.27 v _066_/X (sky130_fd_sc_hd__mux2_1)
     1    0.00                           _031_ (net)
                  0.06    0.00    3.27 v _067_/A (sky130_fd_sc_hd__clkbuf_1)
                  0.03    0.10    3.36 v _067_/X (sky130_fd_sc_hd__clkbuf_1)
     1    0.00                           _003_ (net)
                  0.03    0.00    3.36 v _079_/D (sky130_fd_sc_hd__dfrtp_1)
                                  3.36   data arrival time

                         10.00   10.00   clock clk (rise edge)
                          0.00   10.00   clock source latency
                  0.11    0.07   10.07 ^ clk (in)
     1    0.02                           clk (net)
                  0.11    0.00   10.07 ^ clkbuf_0_clk/A (sky130_fd_sc_hd__clkbuf_16)
                  0.04    0.14   10.22 ^ clkbuf_0_clk/X (sky130_fd_sc_hd__clkbuf_16)
     2    0.02                           clknet_0_clk (net)
                  0.04    0.00   10.22 ^ clkbuf_1_0__f_clk/A (sky130_fd_sc_hd__clkbuf_16)
                  0.03    0.11   10.32 ^ clkbuf_1_0__f_clk/X (sky130_fd_sc_hd__clkbuf_16)
     5    0.01                           clknet_1_0__leaf_clk (net)
                  0.03    0.00   10.32 ^ _079_/CLK (sky130_fd_sc_hd__dfrtp_1)
                         -0.25   10.07   clock uncertainty
                          0.00   10.07   clock reconvergence pessimism
                         -0.11    9.97   library setup time
                                  9.97   data required time
-----------------------------------------------------------------------------
                                  9.97   data required time
                                 -3.36   data arrival time
-----------------------------------------------------------------------------
                                  6.60   slack (MET)


Startpoint: address[5] (input port clocked by clk)
Endpoint: _078_ (rising edge-triggered flip-flop clocked by clk)
Path Group: clk
Path Type: max

Fanout     Cap    Slew   Delay    Time   Description
-----------------------------------------------------------------------------
                          0.00    0.00   clock clk (rise edge)
                          0.00    0.00   clock network delay (propagated)
                          2.00    2.00 v input external delay
                  0.02    0.01    2.01 v address[5] (in)
     1    0.01                           address[5] (net)
                  0.02    0.00    2.01 v input4/A (sky130_fd_sc_hd__clkbuf_2)
                  0.04    0.11    2.12 v input4/X (sky130_fd_sc_hd__clkbuf_2)
     4    0.01                           net4 (net)
                  0.04    0.00    2.12 v _039_/A (sky130_fd_sc_hd__nor2_1)
                  0.18    0.18    2.30 ^ _039_/Y (sky130_fd_sc_hd__nor2_1)
     3    0.01                           _010_ (net)
                  0.18    0.00    2.30 ^ _043_/C (sky130_fd_sc_hd__and3b_1)
                  0.17    0.29    2.58 ^ _043_/X (sky130_fd_sc_hd__and3b_1)
     5    0.02                           _014_ (net)
                  0.17    0.00    2.58 ^ _063_/B1_N (sky130_fd_sc_hd__a21boi_2)
                  0.24    0.31    2.90 ^ _063_/Y (sky130_fd_sc_hd__a21boi_2)
     4    0.02                           _029_ (net)
                  0.24    0.00    2.90 ^ _064_/S (sky130_fd_sc_hd__mux2_1)
                  0.05    0.36    3.26 v _064_/X (sky130_fd_sc_hd__mux2_1)
     1    0.00                           _030_ (net)
                  0.05    0.00    3.26 v _065_/A (sky130_fd_sc_hd__clkbuf_1)
                  0.02    0.09    3.35 v _065_/X (sky130_fd_sc_hd__clkbuf_1)
     1    0.00                           _002_ (net)
                  0.02    0.00    3.35 v _078_/D (sky130_fd_sc_hd__dfrtp_1)
                                  3.35   data arrival time

                         10.00   10.00   clock clk (rise edge)
                          0.00   10.00   clock source latency
                  0.11    0.07   10.07 ^ clk (in)
     1    0.02                           clk (net)
                  0.11    0.00   10.07 ^ clkbuf_0_clk/A (sky130_fd_sc_hd__clkbuf_16)
                  0.04    0.14   10.22 ^ clkbuf_0_clk/X (sky130_fd_sc_hd__clkbuf_16)
     2    0.02                           clknet_0_clk (net)
                  0.04    0.00   10.22 ^ clkbuf_1_0__f_clk/A (sky130_fd_sc_hd__clkbuf_16)
                  0.03    0.11   10.32 ^ clkbuf_1_0__f_clk/X (sky130_fd_sc_hd__clkbuf_16)
     5    0.01                           clknet_1_0__leaf_clk (net)
                  0.03    0.00   10.32 ^ _078_/CLK (sky130_fd_sc_hd__dfrtp_1)
                         -0.25   10.07   clock uncertainty
                          0.00   10.07   clock reconvergence pessimism
                         -0.11    9.97   library setup time
                                  9.97   data required time
-----------------------------------------------------------------------------
                                  9.97   data required time
                                 -3.35   data arrival time
-----------------------------------------------------------------------------
                                  6.61   slack (MET)


Startpoint: _084_ (rising edge-triggered flip-flop clocked by clk)
Endpoint: user_interrupt (output port clocked by clk)
Path Group: clk
Path Type: max

Fanout     Cap    Slew   Delay    Time   Description
-----------------------------------------------------------------------------
                          0.00    0.00   clock clk (rise edge)
                          0.00    0.00   clock source latency
                  0.11    0.08    0.08 ^ clk (in)
     1    0.02                           clk (net)
                  0.11    0.00    0.08 ^ clkbuf_0_clk/A (sky130_fd_sc_hd__clkbuf_16)
                  0.04    0.16    0.24 ^ clkbuf_0_clk/X (sky130_fd_sc_hd__clkbuf_16)
     2    0.02                           clknet_0_clk (net)
                  0.04    0.00    0.24 ^ clkbuf_1_1__f_clk/A (sky130_fd_sc_hd__clkbuf_16)
                  0.03    0.12    0.36 ^ clkbuf_1_1__f_clk/X (sky130_fd_sc_hd__clkbuf_16)
     6    0.01                           clknet_1_1__leaf_clk (net)
                  0.03    0.00    0.36 ^ _084_/CLK (sky130_fd_sc_hd__dfrtp_1)
                  0.14    0.41    0.77 ^ _084_/Q (sky130_fd_sc_hd__dfrtp_1)
     3    0.02                           net19 (net)
                  0.14    0.00    0.77 ^ output19/A (sky130_fd_sc_hd__clkbuf_4)
                  0.12    0.24    1.01 ^ output19/X (sky130_fd_sc_hd__clkbuf_4)
     1    0.04                           user_interrupt (net)
                  0.12    0.00    1.01 ^ user_interrupt (out)
                                  1.01   data arrival time

                         10.00   10.00   clock clk (rise edge)
                          0.00   10.00   clock network delay (propagated)
                         -0.25    9.75   clock uncertainty
                          0.00    9.75   clock reconvergence pessimism
                         -2.00    7.75   output external delay
                                  7.75   data required time
-----------------------------------------------------------------------------
                                  7.75   data required time
                                 -1.01   data arrival time
-----------------------------------------------------------------------------
                                  6.74   slack (MET)


Startpoint: ui_in[0] (input port clocked by clk)
Endpoint: _077_ (rising edge-triggered flip-flop clocked by clk)
Path Group: clk
Path Type: max

Fanout     Cap    Slew   Delay    Time   Description
-----------------------------------------------------------------------------
                          0.00    0.00   clock clk (rise edge)
                          0.00    0.00   clock network delay (propagated)
                          2.00    2.00 v input external delay
                  0.01    0.00    2.00 v ui_in[0] (in)
     1    0.00                           ui_in[0] (net)
                  0.01    0.00    2.00 v input14/A (sky130_fd_sc_hd__clkbuf_2)
                  0.08    0.14    2.14 v input14/X (sky130_fd_sc_hd__clkbuf_2)
     1    0.02                           net14 (net)
                  0.08    0.00    2.14 v _077_/D (sky130_fd_sc_hd__dfrtp_1)
                                  2.14   data arrival time

                         10.00   10.00   clock clk (rise edge)
                          0.00   10.00   clock source latency
                  0.11    0.07   10.07 ^ clk (in)
     1    0.02                           clk (net)
                  0.11    0.00   10.07 ^ clkbuf_0_clk/A (sky130_fd_sc_hd__clkbuf_16)
                  0.04    0.14   10.22 ^ clkbuf_0_clk/X (sky130_fd_sc_hd__clkbuf_16)
     2    0.02                           clknet_0_clk (net)
                  0.04    0.00   10.22 ^ clkbuf_1_1__f_clk/A (sky130_fd_sc_hd__clkbuf_16)
                  0.03    0.11   10.33 ^ clkbuf_1_1__f_clk/X (sky130_fd_sc_hd__clkbuf_16)
     6    0.01                           clknet_1_1__leaf_clk (net)
                  0.03    0.00   10.33 ^ _077_/CLK (sky130_fd_sc_hd__dfrtp_1)
                         -0.25   10.08   clock uncertainty
                          0.00   10.08   clock reconvergence pessimism
                         -0.13    9.95   library setup time
                                  9.95   data required time
-----------------------------------------------------------------------------
                                  9.95   data required time
                                 -2.14   data arrival time
-----------------------------------------------------------------------------
                                  7.80   slack (MET)


Startpoint: rst_n (input port clocked by clk)
Endpoint: _078_ (recovery check against rising-edge clock clk)
Path Group: asynchronous
Path Type: max

Fanout     Cap    Slew   Delay    Time   Description
-----------------------------------------------------------------------------
                          0.00    0.00   clock clk (rise edge)
                          0.00    0.00   clock network delay (propagated)
                          2.00    2.00 ^ input external delay
                  0.02    0.01    2.01 ^ rst_n (in)
     1    0.00                           rst_n (net)
                  0.02    0.00    2.01 ^ input13/A (sky130_fd_sc_hd__clkbuf_2)
                  0.14    0.17    2.19 ^ input13/X (sky130_fd_sc_hd__clkbuf_2)
     2    0.03                           net13 (net)
                  0.14    0.00    2.19 ^ fanout21/A (sky130_fd_sc_hd__clkbuf_4)
                  0.15    0.26    2.45 ^ fanout21/X (sky130_fd_sc_hd__clkbuf_4)
    10    0.05                           net21 (net)
                  0.15    0.00    2.45 ^ _078_/RESET_B (sky130_fd_sc_hd__dfrtp_1)
                                  2.45   data arrival time

                         10.00   10.00   clock clk (rise edge)
                          0.00   10.00   clock source latency
                  0.11    0.07   10.07 ^ clk (in)
     1    0.02                           clk (net)
                  0.11    0.00   10.07 ^ clkbuf_0_clk/A (sky130_fd_sc_hd__clkbuf_16)
                  0.04    0.14   10.22 ^ clkbuf_0_clk/X (sky130_fd_sc_hd__clkbuf_16)
     2    0.02                           clknet_0_clk (net)
                  0.04    0.00   10.22 ^ clkbuf_1_0__f_clk/A (sky130_fd_sc_hd__clkbuf_16)
                  0.03    0.11   10.32 ^ clkbuf_1_0__f_clk/X (sky130_fd_sc_hd__clkbuf_16)
     5    0.01                           clknet_1_0__leaf_clk (net)
                  0.03    0.00   10.32 ^ _078_/CLK (sky130_fd_sc_hd__dfrtp_1)
                         -0.25   10.07   clock uncertainty
                          0.00   10.07   clock reconvergence pessimism
                          0.20   10.27   library recovery time
                                 10.27   data required time
-----------------------------------------------------------------------------
                                 10.27   data required time
                                 -2.45   data arrival time
-----------------------------------------------------------------------------
                                  7.82   slack (MET)


Startpoint: rst_n (input port clocked by clk)
Endpoint: _081_ (recovery check against rising-edge clock clk)
Path Group: asynchronous
Path Type: max

Fanout     Cap    Slew   Delay    Time   Description
-----------------------------------------------------------------------------
                          0.00    0.00   clock clk (rise edge)
                          0.00    0.00   clock network delay (propagated)
                          2.00    2.00 ^ input external delay
                  0.02    0.01    2.01 ^ rst_n (in)
     1    0.00                           rst_n (net)
                  0.02    0.00    2.01 ^ input13/A (sky130_fd_sc_hd__clkbuf_2)
                  0.14    0.17    2.19 ^ input13/X (sky130_fd_sc_hd__clkbuf_2)
     2    0.03                           net13 (net)
                  0.14    0.00    2.19 ^ fanout21/A (sky130_fd_sc_hd__clkbuf_4)
                  0.15    0.26    2.45 ^ fanout21/X (sky130_fd_sc_hd__clkbuf_4)
    10    0.05                           net21 (net)
                  0.15    0.00    2.45 ^ _081_/RESET_B (sky130_fd_sc_hd__dfrtp_1)
                                  2.45   data arrival time

                         10.00   10.00   clock clk (rise edge)
                          0.00   10.00   clock source latency
                  0.11    0.07   10.07 ^ clk (in)
     1    0.02                           clk (net)
                  0.11    0.00   10.07 ^ clkbuf_0_clk/A (sky130_fd_sc_hd__clkbuf_16)
                  0.04    0.14   10.22 ^ clkbuf_0_clk/X (sky130_fd_sc_hd__clkbuf_16)
     2    0.02                           clknet_0_clk (net)
                  0.04    0.00   10.22 ^ clkbuf_1_0__f_clk/A (sky130_fd_sc_hd__clkbuf_16)
                  0.03    0.11   10.32 ^ clkbuf_1_0__f_clk/X (sky130_fd_sc_hd__clkbuf_16)
     5    0.01                           clknet_1_0__leaf_clk (net)
                  0.03    0.00   10.32 ^ _081_/CLK (sky130_fd_sc_hd__dfrtp_1)
                         -0.25   10.07   clock uncertainty
                          0.00   10.07   clock reconvergence pessimism
                          0.20   10.27   library recovery time
                                 10.27   data required time
-----------------------------------------------------------------------------
                                 10.27   data required time
                                 -2.45   data arrival time
-----------------------------------------------------------------------------
                                  7.82   slack (MET)


Startpoint: rst_n (input port clocked by clk)
Endpoint: _079_ (recovery check against rising-edge clock clk)
Path Group: asynchronous
Path Type: max

Fanout     Cap    Slew   Delay    Time   Description
-----------------------------------------------------------------------------
                          0.00    0.00   clock clk (rise edge)
                          0.00    0.00   clock network delay (propagated)
                          2.00    2.00 ^ input external delay
                  0.02    0.01    2.01 ^ rst_n (in)
     1    0.00                           rst_n (net)
                  0.02    0.00    2.01 ^ input13/A (sky130_fd_sc_hd__clkbuf_2)
                  0.14    0.17    2.19 ^ input13/X (sky130_fd_sc_hd__clkbuf_2)
     2    0.03                           net13 (net)
                  0.14    0.00    2.19 ^ fanout21/A (sky130_fd_sc_hd__clkbuf_4)
                  0.15    0.26    2.45 ^ fanout21/X (sky130_fd_sc_hd__clkbuf_4)
    10    0.05                           net21 (net)
                  0.15    0.00    2.45 ^ _079_/RESET_B (sky130_fd_sc_hd__dfrtp_1)
                                  2.45   data arrival time

                         10.00   10.00   clock clk (rise edge)
                          0.00   10.00   clock source latency
                  0.11    0.07   10.07 ^ clk (in)
     1    0.02                           clk (net)
                  0.11    0.00   10.07 ^ clkbuf_0_clk/A (sky130_fd_sc_hd__clkbuf_16)
                  0.04    0.14   10.22 ^ clkbuf_0_clk/X (sky130_fd_sc_hd__clkbuf_16)
     2    0.02                           clknet_0_clk (net)
                  0.04    0.00   10.22 ^ clkbuf_1_0__f_clk/A (sky130_fd_sc_hd__clkbuf_16)
                  0.03    0.11   10.32 ^ clkbuf_1_0__f_clk/X (sky130_fd_sc_hd__clkbuf_16)
     5    0.01                           clknet_1_0__leaf_clk (net)
                  0.03    0.00   10.32 ^ _079_/CLK (sky130_fd_sc_hd__dfrtp_1)
                         -0.25   10.07   clock uncertainty
                          0.00   10.07   clock reconvergence pessimism
                          0.20   10.27   library recovery time
                                 10.27   data required time
-----------------------------------------------------------------------------
                                 10.27   data required time
                                 -2.45   data arrival time
-----------------------------------------------------------------------------
                                  7.82   slack (MET)


Startpoint: rst_n (input port clocked by clk)
Endpoint: _080_ (recovery check against rising-edge clock clk)
Path Group: asynchronous
Path Type: max

Fanout     Cap    Slew   Delay    Time   Description
-----------------------------------------------------------------------------
                          0.00    0.00   clock clk (rise edge)
                          0.00    0.00   clock network delay (propagated)
                          2.00    2.00 ^ input external delay
                  0.02    0.01    2.01 ^ rst_n (in)
     1    0.00                           rst_n (net)
                  0.02    0.00    2.01 ^ input13/A (sky130_fd_sc_hd__clkbuf_2)
                  0.14    0.17    2.19 ^ input13/X (sky130_fd_sc_hd__clkbuf_2)
     2    0.03                           net13 (net)
                  0.14    0.00    2.19 ^ fanout21/A (sky130_fd_sc_hd__clkbuf_4)
                  0.15    0.26    2.45 ^ fanout21/X (sky130_fd_sc_hd__clkbuf_4)
    10    0.05                           net21 (net)
                  0.15    0.00    2.45 ^ _080_/RESET_B (sky130_fd_sc_hd__dfrtp_1)
                                  2.45   data arrival time

                         10.00   10.00   clock clk (rise edge)
                          0.00   10.00   clock source latency
                  0.11    0.07   10.07 ^ clk (in)
     1    0.02                           clk (net)
                  0.11    0.00   10.07 ^ clkbuf_0_clk/A (sky130_fd_sc_hd__clkbuf_16)
                  0.04    0.14   10.22 ^ clkbuf_0_clk/X (sky130_fd_sc_hd__clkbuf_16)
     2    0.02                           clknet_0_clk (net)
                  0.04    0.00   10.22 ^ clkbuf_1_0__f_clk/A (sky130_fd_sc_hd__clkbuf_16)
                  0.03    0.11   10.32 ^ clkbuf_1_0__f_clk/X (sky130_fd_sc_hd__clkbuf_16)
     5    0.01                           clknet_1_0__leaf_clk (net)
                  0.03    0.00   10.32 ^ _080_/CLK (sky130_fd_sc_hd__dfrtp_1)
                         -0.25   10.07   clock uncertainty
                          0.00   10.07   clock reconvergence pessimism
                          0.20   10.27   library recovery time
                                 10.27   data required time
-----------------------------------------------------------------------------
                                 10.27   data required time
                                 -2.45   data arrival time
-----------------------------------------------------------------------------
                                  7.82   slack (MET)


Startpoint: rst_n (input port clocked by clk)
Endpoint: _086_ (recovery check against rising-edge clock clk)
Path Group: asynchronous
Path Type: max

Fanout     Cap    Slew   Delay    Time   Description
-----------------------------------------------------------------------------
                          0.00    0.00   clock clk (rise edge)
                          0.00    0.00   clock network delay (propagated)
                          2.00    2.00 ^ input external delay
                  0.02    0.01    2.01 ^ rst_n (in)
     1    0.00                           rst_n (net)
                  0.02    0.00    2.01 ^ input13/A (sky130_fd_sc_hd__clkbuf_2)
                  0.14    0.17    2.19 ^ input13/X (sky130_fd_sc_hd__clkbuf_2)
     2    0.03                           net13 (net)
                  0.14    0.00    2.19 ^ fanout21/A (sky130_fd_sc_hd__clkbuf_4)
                  0.15    0.26    2.45 ^ fanout21/X (sky130_fd_sc_hd__clkbuf_4)
    10    0.05                           net21 (net)
                  0.15    0.00    2.45 ^ _086_/RESET_B (sky130_fd_sc_hd__dfrtp_1)
                                  2.45   data arrival time

                         10.00   10.00   clock clk (rise edge)
                          0.00   10.00   clock source latency
                  0.11    0.07   10.07 ^ clk (in)
     1    0.02                           clk (net)
                  0.11    0.00   10.07 ^ clkbuf_0_clk/A (sky130_fd_sc_hd__clkbuf_16)
                  0.04    0.14   10.22 ^ clkbuf_0_clk/X (sky130_fd_sc_hd__clkbuf_16)
     2    0.02                           clknet_0_clk (net)
                  0.04    0.00   10.22 ^ clkbuf_1_0__f_clk/A (sky130_fd_sc_hd__clkbuf_16)
                  0.03    0.11   10.32 ^ clkbuf_1_0__f_clk/X (sky130_fd_sc_hd__clkbuf_16)
     5    0.01                           clknet_1_0__leaf_clk (net)
                  0.03    0.00   10.32 ^ _086_/CLK (sky130_fd_sc_hd__dfrtp_1)
                         -0.25   10.07   clock uncertainty
                          0.00   10.07   clock reconvergence pessimism
                          0.20   10.27   library recovery time
                                 10.27   data required time
-----------------------------------------------------------------------------
                                 10.27   data required time
                                 -2.45   data arrival time
-----------------------------------------------------------------------------
                                  7.82   slack (MET)


Startpoint: rst_n (input port clocked by clk)
Endpoint: _076_ (recovery check against rising-edge clock clk)
Path Group: asynchronous
Path Type: max

Fanout     Cap    Slew   Delay    Time   Description
-----------------------------------------------------------------------------
                          0.00    0.00   clock clk (rise edge)
                          0.00    0.00   clock network delay (propagated)
                          2.00    2.00 ^ input external delay
                  0.02    0.01    2.01 ^ rst_n (in)
     1    0.00                           rst_n (net)
                  0.02    0.00    2.01 ^ input13/A (sky130_fd_sc_hd__clkbuf_2)
                  0.14    0.17    2.19 ^ input13/X (sky130_fd_sc_hd__clkbuf_2)
     2    0.03                           net13 (net)
                  0.14    0.00    2.19 ^ fanout21/A (sky130_fd_sc_hd__clkbuf_4)
                  0.15    0.26    2.45 ^ fanout21/X (sky130_fd_sc_hd__clkbuf_4)
    10    0.05                           net21 (net)
                  0.15    0.00    2.45 ^ _076_/RESET_B (sky130_fd_sc_hd__dfrtp_1)
                                  2.45   data arrival time

                         10.00   10.00   clock clk (rise edge)
                          0.00   10.00   clock source latency
                  0.11    0.07   10.07 ^ clk (in)
     1    0.02                           clk (net)
                  0.11    0.00   10.07 ^ clkbuf_0_clk/A (sky130_fd_sc_hd__clkbuf_16)
                  0.04    0.14   10.22 ^ clkbuf_0_clk/X (sky130_fd_sc_hd__clkbuf_16)
     2    0.02                           clknet_0_clk (net)
                  0.04    0.00   10.22 ^ clkbuf_1_1__f_clk/A (sky130_fd_sc_hd__clkbuf_16)
                  0.03    0.11   10.33 ^ clkbuf_1_1__f_clk/X (sky130_fd_sc_hd__clkbuf_16)
     6    0.01                           clknet_1_1__leaf_clk (net)
                  0.03    0.00   10.33 ^ _076_/CLK (sky130_fd_sc_hd__dfrtp_1)
                         -0.25   10.08   clock uncertainty
                          0.00   10.08   clock reconvergence pessimism
                          0.20   10.28   library recovery time
                                 10.28   data required time
-----------------------------------------------------------------------------
                                 10.28   data required time
                                 -2.45   data arrival time
-----------------------------------------------------------------------------
                                  7.82   slack (MET)


Startpoint: rst_n (input port clocked by clk)
Endpoint: _077_ (recovery check against rising-edge clock clk)
Path Group: asynchronous
Path Type: max

Fanout     Cap    Slew   Delay    Time   Description
-----------------------------------------------------------------------------
                          0.00    0.00   clock clk (rise edge)
                          0.00    0.00   clock network delay (propagated)
                          2.00    2.00 ^ input external delay
                  0.02    0.01    2.01 ^ rst_n (in)
     1    0.00                           rst_n (net)
                  0.02    0.00    2.01 ^ input13/A (sky130_fd_sc_hd__clkbuf_2)
                  0.14    0.17    2.19 ^ input13/X (sky130_fd_sc_hd__clkbuf_2)
     2    0.03                           net13 (net)
                  0.14    0.00    2.19 ^ fanout21/A (sky130_fd_sc_hd__clkbuf_4)
                  0.15    0.26    2.45 ^ fanout21/X (sky130_fd_sc_hd__clkbuf_4)
    10    0.05                           net21 (net)
                  0.15    0.00    2.45 ^ _077_/RESET_B (sky130_fd_sc_hd__dfrtp_1)
                                  2.45   data arrival time

                         10.00   10.00   clock clk (rise edge)
                          0.00   10.00   clock source latency
                  0.11    0.07   10.07 ^ clk (in)
     1    0.02                           clk (net)
                  0.11    0.00   10.07 ^ clkbuf_0_clk/A (sky130_fd_sc_hd__clkbuf_16)
                  0.04    0.14   10.22 ^ clkbuf_0_clk/X (sky130_fd_sc_hd__clkbuf_16)
     2    0.02                           clknet_0_clk (net)
                  0.04    0.00   10.22 ^ clkbuf_1_1__f_clk/A (sky130_fd_sc_hd__clkbuf_16)
                  0.03    0.11   10.33 ^ clkbuf_1_1__f_clk/X (sky130_fd_sc_hd__clkbuf_16)
     6    0.01                           clknet_1_1__leaf_clk (net)
                  0.03    0.00   10.33 ^ _077_/CLK (sky130_fd_sc_hd__dfrtp_1)
                         -0.25   10.08   clock uncertainty
                          0.00   10.08   clock reconvergence pessimism
                          0.20   10.28   library recovery time
                                 10.28   data required time
-----------------------------------------------------------------------------
                                 10.28   data required time
                                 -2.45   data arrival time
-----------------------------------------------------------------------------
                                  7.82   slack (MET)


Startpoint: rst_n (input port clocked by clk)
Endpoint: _082_ (recovery check against rising-edge clock clk)
Path Group: asynchronous
Path Type: max

Fanout     Cap    Slew   Delay    Time   Description
-----------------------------------------------------------------------------
                          0.00    0.00   clock clk (rise edge)
                          0.00    0.00   clock network delay (propagated)
                          2.00    2.00 ^ input external delay
                  0.02    0.01    2.01 ^ rst_n (in)
     1    0.00                           rst_n (net)
                  0.02    0.00    2.01 ^ input13/A (sky130_fd_sc_hd__clkbuf_2)
                  0.14    0.17    2.19 ^ input13/X (sky130_fd_sc_hd__clkbuf_2)
     2    0.03                           net13 (net)
                  0.14    0.00    2.19 ^ fanout21/A (sky130_fd_sc_hd__clkbuf_4)
                  0.15    0.26    2.45 ^ fanout21/X (sky130_fd_sc_hd__clkbuf_4)
    10    0.05                           net21 (net)
                  0.15    0.00    2.45 ^ _082_/RESET_B (sky130_fd_sc_hd__dfrtp_1)
                                  2.45   data arrival time

                         10.00   10.00   clock clk (rise edge)
                          0.00   10.00   clock source latency
                  0.11    0.07   10.07 ^ clk (in)
     1    0.02                           clk (net)
                  0.11    0.00   10.07 ^ clkbuf_0_clk/A (sky130_fd_sc_hd__clkbuf_16)
                  0.04    0.14   10.22 ^ clkbuf_0_clk/X (sky130_fd_sc_hd__clkbuf_16)
     2    0.02                           clknet_0_clk (net)
                  0.04    0.00   10.22 ^ clkbuf_1_1__f_clk/A (sky130_fd_sc_hd__clkbuf_16)
                  0.03    0.11   10.33 ^ clkbuf_1_1__f_clk/X (sky130_fd_sc_hd__clkbuf_16)
     6    0.01                           clknet_1_1__leaf_clk (net)
                  0.03    0.00   10.33 ^ _082_/CLK (sky130_fd_sc_hd__dfrtp_1)
                         -0.25   10.08   clock uncertainty
                          0.00   10.08   clock reconvergence pessimism
                          0.20   10.28   library recovery time
                                 10.28   data required time
-----------------------------------------------------------------------------
                                 10.28   data required time
                                 -2.45   data arrival time
-----------------------------------------------------------------------------
                                  7.82   slack (MET)


Startpoint: rst_n (input port clocked by clk)
Endpoint: _084_ (recovery check against rising-edge clock clk)
Path Group: asynchronous
Path Type: max

Fanout     Cap    Slew   Delay    Time   Description
-----------------------------------------------------------------------------
                          0.00    0.00   clock clk (rise edge)
                          0.00    0.00   clock network delay (propagated)
                          2.00    2.00 ^ input external delay
                  0.02    0.01    2.01 ^ rst_n (in)
     1    0.00                           rst_n (net)
                  0.02    0.00    2.01 ^ input13/A (sky130_fd_sc_hd__clkbuf_2)
                  0.14    0.17    2.19 ^ input13/X (sky130_fd_sc_hd__clkbuf_2)
     2    0.03                           net13 (net)
                  0.14    0.00    2.19 ^ fanout21/A (sky130_fd_sc_hd__clkbuf_4)
                  0.15    0.26    2.45 ^ fanout21/X (sky130_fd_sc_hd__clkbuf_4)
    10    0.05                           net21 (net)
                  0.15    0.00    2.45 ^ _084_/RESET_B (sky130_fd_sc_hd__dfrtp_1)
                                  2.45   data arrival time

                         10.00   10.00   clock clk (rise edge)
                          0.00   10.00   clock source latency
                  0.11    0.07   10.07 ^ clk (in)
     1    0.02                           clk (net)
                  0.11    0.00   10.07 ^ clkbuf_0_clk/A (sky130_fd_sc_hd__clkbuf_16)
                  0.04    0.14   10.22 ^ clkbuf_0_clk/X (sky130_fd_sc_hd__clkbuf_16)
     2    0.02                           clknet_0_clk (net)
                  0.04    0.00   10.22 ^ clkbuf_1_1__f_clk/A (sky130_fd_sc_hd__clkbuf_16)
                  0.03    0.11   10.33 ^ clkbuf_1_1__f_clk/X (sky130_fd_sc_hd__clkbuf_16)
     6    0.01                           clknet_1_1__leaf_clk (net)
                  0.03    0.00   10.33 ^ _084_/CLK (sky130_fd_sc_hd__dfrtp_1)
                         -0.25   10.08   clock uncertainty
                          0.00   10.08   clock reconvergence pessimism
                          0.20   10.28   library recovery time
                                 10.28   data required time
-----------------------------------------------------------------------------
                                 10.28   data required time
                                 -2.45   data arrival time
-----------------------------------------------------------------------------
                                  7.82   slack (MET)


Startpoint: rst_n (input port clocked by clk)
Endpoint: _083_ (recovery check against rising-edge clock clk)
Path Group: asynchronous
Path Type: max

Fanout     Cap    Slew   Delay    Time   Description
-----------------------------------------------------------------------------
                          0.00    0.00   clock clk (rise edge)
                          0.00    0.00   clock network delay (propagated)
                          2.00    2.00 ^ input external delay
                  0.02    0.01    2.01 ^ rst_n (in)
     1    0.00                           rst_n (net)
                  0.02    0.00    2.01 ^ input13/A (sky130_fd_sc_hd__clkbuf_2)
                  0.14    0.17    2.19 ^ input13/X (sky130_fd_sc_hd__clkbuf_2)
     2    0.03                           net13 (net)
                  0.14    0.00    2.19 ^ fanout21/A (sky130_fd_sc_hd__clkbuf_4)
                  0.15    0.26    2.45 ^ fanout21/X (sky130_fd_sc_hd__clkbuf_4)
    10    0.05                           net21 (net)
                  0.15    0.00    2.45 ^ _083_/RESET_B (sky130_fd_sc_hd__dfrtp_1)
                                  2.45   data arrival time

                         10.00   10.00   clock clk (rise edge)
                          0.00   10.00   clock source latency
                  0.11    0.07   10.07 ^ clk (in)
     1    0.02                           clk (net)
                  0.11    0.00   10.07 ^ clkbuf_0_clk/A (sky130_fd_sc_hd__clkbuf_16)
                  0.04    0.14   10.22 ^ clkbuf_0_clk/X (sky130_fd_sc_hd__clkbuf_16)
     2    0.02                           clknet_0_clk (net)
                  0.04    0.00   10.22 ^ clkbuf_1_1__f_clk/A (sky130_fd_sc_hd__clkbuf_16)
                  0.03    0.11   10.33 ^ clkbuf_1_1__f_clk/X (sky130_fd_sc_hd__clkbuf_16)
     6    0.01                           clknet_1_1__leaf_clk (net)
                  0.03    0.00   10.33 ^ _083_/CLK (sky130_fd_sc_hd__dfrtp_1)
                         -0.25   10.08   clock uncertainty
                          0.00   10.08   clock reconvergence pessimism
                          0.20   10.28   library recovery time
                                 10.28   data required time
-----------------------------------------------------------------------------
                                 10.28   data required time
                                 -2.45   data arrival time
-----------------------------------------------------------------------------
                                  7.82   slack (MET)


Startpoint: rst_n (input port clocked by clk)
Endpoint: _085_ (recovery check against rising-edge clock clk)
Path Group: asynchronous
Path Type: max

Fanout     Cap    Slew   Delay    Time   Description
-----------------------------------------------------------------------------
                          0.00    0.00   clock clk (rise edge)
                          0.00    0.00   clock network delay (propagated)
                          2.00    2.00 ^ input external delay
                  0.02    0.01    2.01 ^ rst_n (in)
     1    0.00                           rst_n (net)
                  0.02    0.00    2.01 ^ input13/A (sky130_fd_sc_hd__clkbuf_2)
                  0.14    0.17    2.19 ^ input13/X (sky130_fd_sc_hd__clkbuf_2)
     2    0.03                           net13 (net)
                  0.14    0.00    2.19 ^ _085_/RESET_B (sky130_fd_sc_hd__dfrtp_1)
                                  2.19   data arrival time

                         10.00   10.00   clock clk (rise edge)
                          0.00   10.00   clock source latency
                  0.11    0.07   10.07 ^ clk (in)
     1    0.02                           clk (net)
                  0.11    0.00   10.07 ^ clkbuf_0_clk/A (sky130_fd_sc_hd__clkbuf_16)
                  0.04    0.14   10.22 ^ clkbuf_0_clk/X (sky130_fd_sc_hd__clkbuf_16)
     2    0.02                           clknet_0_clk (net)
                  0.04    0.00   10.22 ^ clkbuf_1_1__f_clk/A (sky130_fd_sc_hd__clkbuf_16)
                  0.03    0.11   10.33 ^ clkbuf_1_1__f_clk/X (sky130_fd_sc_hd__clkbuf_16)
     6    0.01                           clknet_1_1__leaf_clk (net)
                  0.03    0.00   10.33 ^ _085_/CLK (sky130_fd_sc_hd__dfrtp_1)
                         -0.25   10.08   clock uncertainty
                          0.00   10.08   clock reconvergence pessimism
                          0.20   10.28   library recovery time
                                 10.28   data required time
-----------------------------------------------------------------------------
                                 10.28   data required time
                                 -2.19   data arrival time
-----------------------------------------------------------------------------
                                  8.09   slack (MET)


Startpoint: _076_ (rising edge-triggered flip-flop clocked by clk)
Endpoint: _082_ (rising edge-triggered flip-flop clocked by clk)
Path Group: clk
Path Type: max

Fanout     Cap    Slew   Delay    Time   Description
-----------------------------------------------------------------------------
                          0.00    0.00   clock clk (rise edge)
                          0.00    0.00   clock source latency
                  0.11    0.08    0.08 ^ clk (in)
     1    0.02                           clk (net)
                  0.11    0.00    0.08 ^ clkbuf_0_clk/A (sky130_fd_sc_hd__clkbuf_16)
                  0.04    0.16    0.24 ^ clkbuf_0_clk/X (sky130_fd_sc_hd__clkbuf_16)
     2    0.02                           clknet_0_clk (net)
                  0.04    0.00    0.24 ^ clkbuf_1_1__f_clk/A (sky130_fd_sc_hd__clkbuf_16)
                  0.03    0.12    0.36 ^ clkbuf_1_1__f_clk/X (sky130_fd_sc_hd__clkbuf_16)
     6    0.01                           clknet_1_1__leaf_clk (net)
                  0.03    0.00    0.36 ^ _076_/CLK (sky130_fd_sc_hd__dfrtp_1)
                  0.04    0.36    0.72 v _076_/Q (sky130_fd_sc_hd__dfrtp_1)
     1    0.00                           loop_s2 (net)
                  0.04    0.00    0.72 v hold2/A (sky130_fd_sc_hd__dlygate4sd3_1)
                  0.06    0.58    1.30 v hold2/X (sky130_fd_sc_hd__dlygate4sd3_1)
     1    0.00                           net59 (net)
                  0.06    0.00    1.30 v _082_/D (sky130_fd_sc_hd__dfrtp_1)
                                  1.30   data arrival time

                         10.00   10.00   clock clk (rise edge)
                          0.00   10.00   clock source latency
                  0.11    0.07   10.07 ^ clk (in)
     1    0.02                           clk (net)
                  0.11    0.00   10.07 ^ clkbuf_0_clk/A (sky130_fd_sc_hd__clkbuf_16)
                  0.04    0.14   10.22 ^ clkbuf_0_clk/X (sky130_fd_sc_hd__clkbuf_16)
     2    0.02                           clknet_0_clk (net)
                  0.04    0.00   10.22 ^ clkbuf_1_1__f_clk/A (sky130_fd_sc_hd__clkbuf_16)
                  0.03    0.11   10.33 ^ clkbuf_1_1__f_clk/X (sky130_fd_sc_hd__clkbuf_16)
     6    0.01                           clknet_1_1__leaf_clk (net)
                  0.03    0.00   10.33 ^ _082_/CLK (sky130_fd_sc_hd__dfrtp_1)
                         -0.25   10.08   clock uncertainty
                          0.03   10.11   clock reconvergence pessimism
                         -0.12    9.99   library setup time
                                  9.99   data required time
-----------------------------------------------------------------------------
                                  9.99   data required time
                                 -1.30   data arrival time
-----------------------------------------------------------------------------
                                  8.68   slack (MET)


Startpoint: _077_ (rising edge-triggered flip-flop clocked by clk)
Endpoint: _076_ (rising edge-triggered flip-flop clocked by clk)
Path Group: clk
Path Type: max

Fanout     Cap    Slew   Delay    Time   Description
-----------------------------------------------------------------------------
                          0.00    0.00   clock clk (rise edge)
                          0.00    0.00   clock source latency
                  0.11    0.08    0.08 ^ clk (in)
     1    0.02                           clk (net)
                  0.11    0.00    0.08 ^ clkbuf_0_clk/A (sky130_fd_sc_hd__clkbuf_16)
                  0.04    0.16    0.24 ^ clkbuf_0_clk/X (sky130_fd_sc_hd__clkbuf_16)
     2    0.02                           clknet_0_clk (net)
                  0.04    0.00    0.24 ^ clkbuf_1_1__f_clk/A (sky130_fd_sc_hd__clkbuf_16)
                  0.03    0.12    0.36 ^ clkbuf_1_1__f_clk/X (sky130_fd_sc_hd__clkbuf_16)
     6    0.01                           clknet_1_1__leaf_clk (net)
                  0.03    0.00    0.36 ^ _077_/CLK (sky130_fd_sc_hd__dfrtp_1)
                  0.04    0.37    0.73 v _077_/Q (sky130_fd_sc_hd__dfrtp_1)
     1    0.00                           loop_s1 (net)
                  0.04    0.00    0.73 v hold1/A (sky130_fd_sc_hd__dlygate4sd3_1)
                  0.05    0.57    1.30 v hold1/X (sky130_fd_sc_hd__dlygate4sd3_1)
     1    0.00                           net58 (net)
                  0.05    0.00    1.30 v _076_/D (sky130_fd_sc_hd__dfrtp_1)
                                  1.30   data arrival time

                         10.00   10.00   clock clk (rise edge)
                          0.00   10.00   clock source latency
                  0.11    0.07   10.07 ^ clk (in)
     1    0.02                           clk (net)
                  0.11    0.00   10.07 ^ clkbuf_0_clk/A (sky130_fd_sc_hd__clkbuf_16)
                  0.04    0.14   10.22 ^ clkbuf_0_clk/X (sky130_fd_sc_hd__clkbuf_16)
     2    0.02                           clknet_0_clk (net)
                  0.04    0.00   10.22 ^ clkbuf_1_1__f_clk/A (sky130_fd_sc_hd__clkbuf_16)
                  0.03    0.11   10.33 ^ clkbuf_1_1__f_clk/X (sky130_fd_sc_hd__clkbuf_16)
     6    0.01                           clknet_1_1__leaf_clk (net)
                  0.03    0.00   10.33 ^ _076_/CLK (sky130_fd_sc_hd__dfrtp_1)
                         -0.25   10.08   clock uncertainty
                          0.03   10.11   clock reconvergence pessimism
                         -0.12    9.99   library setup time
                                  9.99   data required time
-----------------------------------------------------------------------------
                                  9.99   data required time
                                 -1.30   data arrival time
-----------------------------------------------------------------------------
                                  8.69   slack (MET)


Startpoint: _085_ (rising edge-triggered flip-flop clocked by clk)
Endpoint: _083_ (rising edge-triggered flip-flop clocked by clk)
Path Group: clk
Path Type: max

Fanout     Cap    Slew   Delay    Time   Description
-----------------------------------------------------------------------------
                          0.00    0.00   clock clk (rise edge)
                          0.00    0.00   clock source latency
                  0.11    0.08    0.08 ^ clk (in)
     1    0.02                           clk (net)
                  0.11    0.00    0.08 ^ clkbuf_0_clk/A (sky130_fd_sc_hd__clkbuf_16)
                  0.04    0.16    0.24 ^ clkbuf_0_clk/X (sky130_fd_sc_hd__clkbuf_16)
     2    0.02                           clknet_0_clk (net)
                  0.04    0.00    0.24 ^ clkbuf_1_1__f_clk/A (sky130_fd_sc_hd__clkbuf_16)
                  0.03    0.12    0.36 ^ clkbuf_1_1__f_clk/X (sky130_fd_sc_hd__clkbuf_16)
     6    0.01                           clknet_1_1__leaf_clk (net)
                  0.03    0.00    0.36 ^ _085_/CLK (sky130_fd_sc_hd__dfrtp_1)
                  0.08    0.42    0.78 v _085_/Q (sky130_fd_sc_hd__dfrtp_1)
     5    0.01                           ctrl_enable (net)
                  0.08    0.00    0.78 v _036_/A (sky130_fd_sc_hd__and2_1)
                  0.04    0.16    0.94 v _036_/X (sky130_fd_sc_hd__and2_1)
     1    0.00                           _008_ (net)
                  0.04    0.00    0.94 v _037_/A (sky130_fd_sc_hd__clkbuf_1)
                  0.03    0.09    1.03 v _037_/X (sky130_fd_sc_hd__clkbuf_1)
     1    0.00                           _000_ (net)
                  0.03    0.00    1.03 v _083_/D (sky130_fd_sc_hd__dfrtp_1)
                                  1.03   data arrival time

                         10.00   10.00   clock clk (rise edge)
                          0.00   10.00   clock source latency
                  0.11    0.07   10.07 ^ clk (in)
     1    0.02                           clk (net)
                  0.11    0.00   10.07 ^ clkbuf_0_clk/A (sky130_fd_sc_hd__clkbuf_16)
                  0.04    0.14   10.22 ^ clkbuf_0_clk/X (sky130_fd_sc_hd__clkbuf_16)
     2    0.02                           clknet_0_clk (net)
                  0.04    0.00   10.22 ^ clkbuf_1_1__f_clk/A (sky130_fd_sc_hd__clkbuf_16)
                  0.03    0.11   10.33 ^ clkbuf_1_1__f_clk/X (sky130_fd_sc_hd__clkbuf_16)
     6    0.01                           clknet_1_1__leaf_clk (net)
                  0.03    0.00   10.33 ^ _083_/CLK (sky130_fd_sc_hd__dfrtp_1)
                         -0.25   10.08   clock uncertainty
                          0.03   10.11   clock reconvergence pessimism
                         -0.11   10.00   library setup time
                                 10.00   data required time
-----------------------------------------------------------------------------
                                 10.00   data required time
                                 -1.03   data arrival time
-----------------------------------------------------------------------------
                                  8.97   slack (MET)



