
===========================================================================
report_checks -unconstrained
===========================================================================
======================= Typical Corner ===================================

Startpoint: _436_ (rising edge-triggered flip-flop clocked by clk')
Endpoint: _465_ (recovery check against rising-edge clock clk)
Path Group: asynchronous
Path Type: max

Fanout     Cap    Slew   Delay    Time   Description
-----------------------------------------------------------------------------
                          5.00    5.00   clock clk' (rise edge)
                          0.00    5.00   clock source latency
                  0.02    0.01    5.01 v clk (in)
     1    0.01                           clk (net)
                  0.02    0.00    5.01 v clkbuf_0_clk/A (sky130_fd_sc_hd__clkbuf_16)
                  0.06    0.16    5.18 v clkbuf_0_clk/X (sky130_fd_sc_hd__clkbuf_16)
     8    0.06                           clknet_0_clk (net)
                  0.06    0.00    5.18 v clkbuf_3_5__f_clk/A (sky130_fd_sc_hd__clkbuf_16)
                  0.04    0.17    5.34 v clkbuf_3_5__f_clk/X (sky130_fd_sc_hd__clkbuf_16)
    10    0.03                           clknet_3_5__leaf_clk (net)
                  0.04    0.00    5.34 v _234__1/A (sky130_fd_sc_hd__inv_2)
                  0.02    0.04    5.38 ^ _234__1/Y (sky130_fd_sc_hd__inv_2)
     1    0.00                           net33 (net)
                  0.02    0.00    5.38 ^ _436_/CLK (sky130_fd_sc_hd__dfxtp_1)
                  0.11    0.36    5.74 ^ _436_/Q (sky130_fd_sc_hd__dfxtp_1)
     2    0.01                           dut.rst_n (net)
                  0.11    0.00    5.74 ^ fanout9/A (sky130_fd_sc_hd__clkbuf_4)
                  0.11    0.21    5.96 ^ fanout9/X (sky130_fd_sc_hd__clkbuf_4)
    10    0.03                           net9 (net)
                  0.11    0.00    5.96 ^ _465_/RESET_B (sky130_fd_sc_hd__dfrtp_2)
                                  5.96   data arrival time

                         10.00   10.00   clock clk (rise edge)
                          0.00   10.00   clock source latency
                  0.04    0.03   10.03 ^ clk (in)
     1    0.01                           clk (net)
                  0.04    0.00   10.03 ^ clkbuf_0_clk/A (sky130_fd_sc_hd__clkbuf_16)
                  0.08    0.15   10.18 ^ clkbuf_0_clk/X (sky130_fd_sc_hd__clkbuf_16)
     8    0.06                           clknet_0_clk (net)
                  0.08    0.00   10.18 ^ clkbuf_3_4__f_clk/A (sky130_fd_sc_hd__clkbuf_16)
                  0.04    0.13   10.30 ^ clkbuf_3_4__f_clk/X (sky130_fd_sc_hd__clkbuf_16)
     8    0.02                           clknet_3_4__leaf_clk (net)
                  0.04    0.00   10.30 ^ _465_/CLK (sky130_fd_sc_hd__dfrtp_2)
                         -0.25   10.05   clock uncertainty
                          0.02   10.07   clock reconvergence pessimism
                          0.20   10.27   library recovery time
                                 10.27   data required time
-----------------------------------------------------------------------------
                                 10.27   data required time
                                 -5.96   data arrival time
-----------------------------------------------------------------------------
                                  4.31   slack (MET)


Startpoint: _436_ (rising edge-triggered flip-flop clocked by clk')
Endpoint: _474_ (rising edge-triggered flip-flop clocked by clk)
Path Group: clk
Path Type: max

Fanout     Cap    Slew   Delay    Time   Description
-----------------------------------------------------------------------------
                          5.00    5.00   clock clk' (rise edge)
                          0.00    5.00   clock source latency
                  0.02    0.01    5.01 v clk (in)
     1    0.01                           clk (net)
                  0.02    0.00    5.01 v clkbuf_0_clk/A (sky130_fd_sc_hd__clkbuf_16)
                  0.06    0.16    5.18 v clkbuf_0_clk/X (sky130_fd_sc_hd__clkbuf_16)
     8    0.06                           clknet_0_clk (net)
                  0.06    0.00    5.18 v clkbuf_3_5__f_clk/A (sky130_fd_sc_hd__clkbuf_16)
                  0.04    0.17    5.34 v clkbuf_3_5__f_clk/X (sky130_fd_sc_hd__clkbuf_16)
    10    0.03                           clknet_3_5__leaf_clk (net)
                  0.04    0.00    5.34 v _234__1/A (sky130_fd_sc_hd__inv_2)
                  0.02    0.04    5.38 ^ _234__1/Y (sky130_fd_sc_hd__inv_2)
     1    0.00                           net33 (net)
                  0.02    0.00    5.38 ^ _436_/CLK (sky130_fd_sc_hd__dfxtp_1)
                  0.11    0.36    5.74 ^ _436_/Q (sky130_fd_sc_hd__dfxtp_1)
     2    0.01                           dut.rst_n (net)
                  0.11    0.00    5.74 ^ fanout9/A (sky130_fd_sc_hd__clkbuf_4)
                  0.11    0.21    5.96 ^ fanout9/X (sky130_fd_sc_hd__clkbuf_4)
    10    0.03                           net9 (net)
                  0.11    0.00    5.96 ^ _228_/B_N (sky130_fd_sc_hd__or2b_1)
                  0.08    0.29    6.24 v _228_/X (sky130_fd_sc_hd__or2b_1)
     3    0.01                           _074_ (net)
                  0.08    0.00    6.24 v _241_/D1 (sky130_fd_sc_hd__a2111o_2)
                  0.11    0.44    6.68 v _241_/X (sky130_fd_sc_hd__a2111o_2)
     5    0.02                           _084_ (net)
                  0.11    0.00    6.68 v _306_/A (sky130_fd_sc_hd__clkbuf_4)
                  0.10    0.24    6.92 v _306_/X (sky130_fd_sc_hd__clkbuf_4)
    10    0.04                           _129_ (net)
                  0.10    0.00    6.92 v _362_/S (sky130_fd_sc_hd__mux2_1)
                  0.06    0.34    7.26 v _362_/X (sky130_fd_sc_hd__mux2_1)
     1    0.00                           _170_ (net)
                  0.06    0.00    7.26 v _363_/A (sky130_fd_sc_hd__clkbuf_1)
                  0.03    0.10    7.36 v _363_/X (sky130_fd_sc_hd__clkbuf_1)
     1    0.00                           _038_ (net)
                  0.03    0.00    7.36 v _474_/D (sky130_fd_sc_hd__dfxtp_1)
                                  7.36   data arrival time

                         10.00   10.00   clock clk (rise edge)
                          0.00   10.00   clock source latency
                  0.04    0.03   10.03 ^ clk (in)
     1    0.01                           clk (net)
                  0.04    0.00   10.03 ^ clkbuf_0_clk/A (sky130_fd_sc_hd__clkbuf_16)
                  0.08    0.15   10.18 ^ clkbuf_0_clk/X (sky130_fd_sc_hd__clkbuf_16)
     8    0.06                           clknet_0_clk (net)
                  0.08    0.00   10.18 ^ clkbuf_3_4__f_clk/A (sky130_fd_sc_hd__clkbuf_16)
                  0.04    0.13   10.30 ^ clkbuf_3_4__f_clk/X (sky130_fd_sc_hd__clkbuf_16)
     8    0.02                           clknet_3_4__leaf_clk (net)
                  0.04    0.00   10.30 ^ _474_/CLK (sky130_fd_sc_hd__dfxtp_1)
                         -0.25   10.05   clock uncertainty
                          0.02   10.07   clock reconvergence pessimism
                         -0.11    9.97   library setup time
                                  9.97   data required time
-----------------------------------------------------------------------------
                                  9.97   data required time
                                 -7.36   data arrival time
-----------------------------------------------------------------------------
                                  2.61   slack (MET)




===========================================================================
report_checks --slack_max -0.01
============================================================================
======================= Typical Corner ===================================

No paths found.


===========================================================================
 report_check_types -max_slew -max_cap -max_fanout -violators
============================================================================
======================= Typical Corner ===================================

max fanout

Pin                                   Limit Fanout  Slack
---------------------------------------------------------
clkbuf_3_1__f_clk/X                      10     12     -2 (VIOLATED)



===========================================================================
report_parasitic_annotation -report_unannotated
============================================================================
Found 426 unannotated drivers.
 clk
 ena
 rst_n
 ui_in[0]
 ui_in[1]
 ui_in[2]
 ui_in[3]
 ui_in[4]
 ui_in[5]
 ui_in[6]
 ui_in[7]
 uio_in[0]
 uio_in[1]
 uio_in[2]
 uio_in[3]
 uio_in[4]
 uio_in[5]
 uio_in[6]
 uio_in[7]
 _217_/Y
 _218_/X
 _219_/X
 _220_/X
 _221_/Y
 _222_/X
 _223_/X
 _224_/X
 _225_/X
 _226_/Y
 _227_/X
 _228_/X
 _229_/Y
 _230_/X
 _231_/X
 _232_/X
 _233_/X
 _234__1/Y
 _235_/X
 _236_/X
 _237_/X
 _238_/X
 _239_/Y
 _240_/X
 _241_/X
 _242_/X
 _243_/X
 _244_/X
 _245_/X
 _246_/X
 _247_/X
 _248_/X
 _249_/X
 _250_/X
 _251_/X
 _252_/X
 _253_/X
 _254_/X
 _255_/X
 _256_/X
 _257_/X
 _258_/X
 _259_/X
 _260_/X
 _261_/X
 _262_/X
 _263_/X
 _264_/X
 _265_/X
 _266_/X
 _267_/X
 _268_/X
 _269_/X
 _270_/X
 _271_/X
 _272_/X
 _273_/X
 _274_/X
 _275_/X
 _276_/X
 _277_/X
 _278_/X
 _279_/X
 _280_/X
 _281_/X
 _282_/X
 _283_/X
 _284_/X
 _285_/X
 _286_/X
 _287_/X
 _288_/X
 _289_/X
 _290_/X
 _291_/X
 _292_/X
 _293_/X
 _294_/X
 _295_/X
 _296_/X
 _297_/X
 _298_/X
 _299_/X
 _300_/X
 _301_/X
 _302_/X
 _303_/X
 _304_/X
 _305_/X
 _306_/X
 _307_/X
 _308_/X
 _309_/X
 _310_/X
 _311_/X
 _312_/X
 _313_/X
 _314_/X
 _315_/X
 _316_/X
 _317_/X
 _318_/Y
 _319_/X
 _320_/X
 _321_/X
 _322_/X
 _323_/X
 _324_/X
 _325_/X
 _326_/X
 _327_/X
 _328_/Y
 _329_/X
 _330_/X
 _331_/X
 _332_/X
 _333_/X
 _334_/X
 _335_/X
 _336_/X
 _337_/X
 _338_/X
 _339_/X
 _340_/X
 _341_/X
 _342_/X
 _343_/X
 _344_/X
 _345_/X
 _346_/X
 _347_/X
 _348_/X
 _349_/Y
 _350_/X
 _351_/X
 _352_/X
 _353_/X
 _354_/X
 _355_/X
 _356_/X
 _357_/X
 _358_/X
 _359_/X
 _360_/X
 _361_/X
 _362_/X
 _363_/X
 _364_/X
 _365_/X
 _366_/X
 _367_/X
 _368_/X
 _369_/X
 _370_/X
 _371_/X
 _372_/X
 _373_/Y
 _374_/X
 _375_/X
 _376_/X
 _377_/X
 _378_/X
 _379_/X
 _380_/X
 _381_/X
 _382_/Y
 _383_/Y
 _384_/Y
 _385_/X
 _386_/X
 _387_/Y
 _388_/X
 _389_/X
 _390_/X
 _391_/X
 _392_/Y
 _393_/X
 _394_/X
 _395_/X
 _396_/Y
 _397_/X
 _398_/X
 _399_/Y
 _400_/X
 _401_/X
 _402_/X
 _403_/Y
 _404_/X
 _405_/X
 _406_/X
 _407_/X
 _408_/X
 _409_/X
 _410_/X
 _411_/X
 _412_/Y
 _413_/X
 _414_/X
 _415_/Y
 _416_/X
 _417_/X
 _418_/X
 _419_/X
 _420_/X
 _421_/X
 _422_/X
 _423_/X
 _424_/X
 _425_/X
 _426_/X
 _427_/X
 _428_/X
 _429_/X
 _430_/Y
 _431_/X
 _432_/X
 _433_/X
 _434_/Q
 _435_/Q
 _436_/Q
 _437_/Q
 _438_/Q
 _439_/Q
 _440_/Q
 _441_/Q
 _442_/Q
 _443_/Q
 _444_/Q
 _445_/Q
 _446_/Q
 _447_/Q
 _448_/Q
 _449_/Q
 _450_/Q
 _451_/Q
 _452_/Q
 _453_/Q
 _454_/Q
 _455_/Q
 _456_/Q
 _457_/Q
 _458_/Q
 _459_/Q
 _460_/Q
 _461_/Q
 _462_/Q
 _463_/Q
 _464_/Q
 _465_/Q
 _466_/Q
 _467_/Q
 _468_/Q
 _469_/Q
 _470_/Q
 _471_/Q
 _472_/Q
 _473_/Q
 _474_/Q
 _475_/Q
 _476_/Q
 _477_/Q
 _478_/Q
 _479_/Q
 _480_/Q
 _481_/Q
 _482_/Q
 _483_/Q
 _484_/Q
 _485_/Q
 _486_/Q
 _487_/Q
 _488_/Q
 _489_/Q
 _490_/Q
 _491_/Q
 _492_/Q
 _493_/Q
 _494_/Q
 _495_/Q
 _496_/Q
 _497_/Q
 _498_/Q
 _499_/Q
 _500_/Q
 _501_/Q
 _502_/Q
 _503_/Q
 _504_/Q
 _505_/Q
 _506_/Q
 _507_/Q
 clkbuf_0_clk/X
 clkbuf_3_0__f_clk/X
 clkbuf_3_1__f_clk/X
 clkbuf_3_2__f_clk/X
 clkbuf_3_3__f_clk/X
 clkbuf_3_4__f_clk/X
 clkbuf_3_5__f_clk/X
 clkbuf_3_6__f_clk/X
 clkbuf_3_7__f_clk/X
 fanout9/X
 hold1/X
 hold10/X
 hold11/X
 hold12/X
 hold13/X
 hold14/X
 hold15/X
 hold16/X
 hold17/X
 hold18/X
 hold19/X
 hold2/X
 hold20/X
 hold21/X
 hold22/X
 hold23/X
 hold24/X
 hold25/X
 hold26/X
 hold27/X
 hold28/X
 hold29/X
 hold3/X
 hold30/X
 hold31/X
 hold32/X
 hold33/X
 hold34/X
 hold35/X
 hold36/X
 hold37/X
 hold38/X
 hold39/X
 hold4/X
 hold40/X
 hold41/X
 hold42/X
 hold43/X
 hold44/X
 hold45/X
 hold46/X
 hold47/X
 hold48/X
 hold49/X
 hold5/X
 hold50/X
 hold51/X
 hold52/X
 hold53/X
 hold54/X
 hold6/X
 hold7/X
 hold8/X
 hold9/X
 input1/X
 input2/X
 input3/X
 input4/X
 input5/X
 max_cap10/X
 max_cap11/X
 output6/X
 output7/X
 output8/X
 tt_um_tqv_peripheral_harness_12/HI
 tt_um_tqv_peripheral_harness_12/LO
 tt_um_tqv_peripheral_harness_13/HI
 tt_um_tqv_peripheral_harness_13/LO
 tt_um_tqv_peripheral_harness_14/HI
 tt_um_tqv_peripheral_harness_14/LO
 tt_um_tqv_peripheral_harness_15/HI
 tt_um_tqv_peripheral_harness_15/LO
 tt_um_tqv_peripheral_harness_16/HI
 tt_um_tqv_peripheral_harness_16/LO
 tt_um_tqv_peripheral_harness_17/HI
 tt_um_tqv_peripheral_harness_17/LO
 tt_um_tqv_peripheral_harness_18/HI
 tt_um_tqv_peripheral_harness_18/LO
 tt_um_tqv_peripheral_harness_19/HI
 tt_um_tqv_peripheral_harness_19/LO
 tt_um_tqv_peripheral_harness_20/HI
 tt_um_tqv_peripheral_harness_20/LO
 tt_um_tqv_peripheral_harness_21/HI
 tt_um_tqv_peripheral_harness_21/LO
 tt_um_tqv_peripheral_harness_22/HI
 tt_um_tqv_peripheral_harness_22/LO
 tt_um_tqv_peripheral_harness_23/HI
 tt_um_tqv_peripheral_harness_23/LO
 tt_um_tqv_peripheral_harness_24/HI
 tt_um_tqv_peripheral_harness_24/LO
 tt_um_tqv_peripheral_harness_25/HI
 tt_um_tqv_peripheral_harness_25/LO
 tt_um_tqv_peripheral_harness_26/HI
 tt_um_tqv_peripheral_harness_26/LO
 tt_um_tqv_peripheral_harness_27/HI
 tt_um_tqv_peripheral_harness_27/LO
 tt_um_tqv_peripheral_harness_28/HI
 tt_um_tqv_peripheral_harness_28/LO
 tt_um_tqv_peripheral_harness_29/HI
 tt_um_tqv_peripheral_harness_29/LO
 tt_um_tqv_peripheral_harness_30/HI
 tt_um_tqv_peripheral_harness_30/LO
 tt_um_tqv_peripheral_harness_31/HI
 tt_um_tqv_peripheral_harness_31/LO
 tt_um_tqv_peripheral_harness_32/HI
 tt_um_tqv_peripheral_harness_32/LO
Found 0 partially unannotated drivers.

===========================================================================
max slew violation count 0
max fanout violation count 1
max cap violation count 0
============================================================================

===========================================================================
check_setup -verbose -unconstrained_endpoints -multiple_clock -no_clock -no_input_delay -loops -generated_clocks
===========================================================================
Warning: There are 21 unconstrained endpoints.
  uio_oe[0]
  uio_oe[1]
  uio_oe[2]
  uio_oe[3]
  uio_oe[4]
  uio_oe[5]
  uio_oe[6]
  uio_oe[7]
  uio_out[2]
  uio_out[4]
  uio_out[5]
  uio_out[6]
  uio_out[7]
  uo_out[0]
  uo_out[1]
  uo_out[2]
  uo_out[3]
  uo_out[4]
  uo_out[5]
  uo_out[6]
  uo_out[7]
