
===========================================================================
report_checks -unconstrained
===========================================================================
======================= Typical Corner ===================================

Startpoint: rst_n (input port clocked by clk)
Endpoint: _076_ (recovery check against rising-edge clock clk)
Path Group: asynchronous
Path Type: max

Fanout     Cap    Slew   Delay    Time   Description
-----------------------------------------------------------------------------
                  0.15    0.00    0.00   clock clk (rise edge)
                          0.00    0.00   clock network delay (ideal)
                          2.00    2.00 ^ input external delay
                  0.19    0.13    2.13 ^ rst_n (in)
    11    0.04                           rst_n (net)
                  0.19    0.00    2.13 ^ _076_/RESET_B (sky130_fd_sc_hd__dfrtp_2)
                                  2.13   data arrival time

                  0.15   10.00   10.00   clock clk (rise edge)
                          0.00   10.00   clock network delay (ideal)
                         -0.25    9.75   clock uncertainty
                          0.00    9.75   clock reconvergence pessimism
                                  9.75 ^ _076_/CLK (sky130_fd_sc_hd__dfrtp_2)
                          0.21    9.96   library recovery time
                                  9.96   data required time
-----------------------------------------------------------------------------
                                  9.96   data required time
                                 -2.13   data arrival time
-----------------------------------------------------------------------------
                                  7.83   slack (MET)


Startpoint: address[4] (input port clocked by clk)
Endpoint: data_out[2] (output port clocked by clk)
Path Group: clk
Path Type: max

Fanout     Cap    Slew   Delay    Time   Description
-----------------------------------------------------------------------------
                  0.15    0.00    0.00   clock clk (rise edge)
                          0.00    0.00   clock network delay (ideal)
                          2.00    2.00 ^ input external delay
                  0.08    0.05    2.05 ^ address[4] (in)
     4    0.02                           address[4] (net)
                  0.08    0.00    2.05 ^ _039_/B (sky130_fd_sc_hd__nor2_2)
                  0.03    0.04    2.10 v _039_/Y (sky130_fd_sc_hd__nor2_2)
     3    0.01                           _010_ (net)
                  0.03    0.00    2.10 v _043_/C (sky130_fd_sc_hd__and3b_2)
                  0.06    0.23    2.33 v _043_/X (sky130_fd_sc_hd__and3b_2)
     5    0.01                           _014_ (net)
                  0.06    0.00    2.33 v _055_/A2 (sky130_fd_sc_hd__a22o_2)
                  0.04    0.26    2.59 v _055_/X (sky130_fd_sc_hd__a22o_2)
     1    0.00                           _024_ (net)
                  0.04    0.00    2.59 v _056_/B (sky130_fd_sc_hd__and2_2)
                  0.03    0.18    2.77 v _056_/X (sky130_fd_sc_hd__and2_2)
     1    0.00                           _025_ (net)
                  0.03    0.00    2.77 v _057_/A (sky130_fd_sc_hd__buf_1)
                  0.19    0.22    2.99 v _057_/X (sky130_fd_sc_hd__buf_1)
     1    0.03                           data_out[2] (net)
                  0.19    0.00    2.99 v data_out[2] (out)
                                  2.99   data arrival time

                  0.15   10.00   10.00   clock clk (rise edge)
                          0.00   10.00   clock network delay (ideal)
                         -0.25    9.75   clock uncertainty
                          0.00    9.75   clock reconvergence pessimism
                         -2.00    7.75   output external delay
                                  7.75   data required time
-----------------------------------------------------------------------------
                                  7.75   data required time
                                 -2.99   data arrival time
-----------------------------------------------------------------------------
                                  4.76   slack (MET)




===========================================================================
report_checks --slack_max -0.01
============================================================================
======================= Typical Corner ===================================

No paths found.


===========================================================================
 report_check_types -max_slew -max_cap -max_fanout -violators
============================================================================
======================= Typical Corner ===================================

max fanout

Pin                                   Limit Fanout  Slack
---------------------------------------------------------
rst_n                                    10     11        (VIOLATED)



===========================================================================
report_parasitic_annotation -report_unannotated
============================================================================
Found 176 unannotated drivers.
 address[0]
 address[1]
 address[2]
 address[3]
 address[4]
 address[5]
 clk
 data_in[0]
 data_in[10]
 data_in[11]
 data_in[12]
 data_in[13]
 data_in[14]
 data_in[15]
 data_in[16]
 data_in[17]
 data_in[18]
 data_in[19]
 data_in[1]
 data_in[20]
 data_in[21]
 data_in[22]
 data_in[23]
 data_in[24]
 data_in[25]
 data_in[26]
 data_in[27]
 data_in[28]
 data_in[29]
 data_in[2]
 data_in[30]
 data_in[31]
 data_in[3]
 data_in[4]
 data_in[5]
 data_in[6]
 data_in[7]
 data_in[8]
 data_in[9]
 data_read_n[0]
 data_read_n[1]
 data_ready
 data_write_n[0]
 data_write_n[1]
 rst_n
 ui_in[0]
 ui_in[1]
 ui_in[2]
 ui_in[3]
 ui_in[4]
 ui_in[5]
 ui_in[6]
 ui_in[7]
 _036_/X
 _037_/X
 _038_/Y
 _039_/Y
 _040_/X
 _041_/X
 _042_/Y
 _043_/X
 _044_/X
 _045_/Y
 _046_/X
 _047_/X
 _048_/X
 _049_/X
 _050_/X
 _051_/X
 _052_/X
 _053_/X
 _054_/X
 _055_/X
 _056_/X
 _057_/X
 _058_/X
 _059_/X
 _060_/Y
 _061_/Y
 _062_/X
 _063_/Y
 _064_/X
 _065_/X
 _066_/X
 _067_/X
 _068_/X
 _069_/X
 _070_/X
 _071_/X
 _072_/X
 _073_/X
 _074_/X
 _075_/X
 _076_/Q
 _077_/Q
 _078_/Q
 _079_/Q
 _080_/Q
 _081_/Q
 _082_/Q
 _083_/Q
 _084_/Q
 _085_/Q
 _086_/Q
 _087_/HI
 _087_/LO
 _088_/HI
 _088_/LO
 _089_/HI
 _089_/LO
 _090_/HI
 _090_/LO
 _091_/HI
 _091_/LO
 _092_/HI
 _092_/LO
 _093_/HI
 _093_/LO
 _094_/HI
 _094_/LO
 _095_/HI
 _095_/LO
 _096_/HI
 _096_/LO
 _097_/HI
 _097_/LO
 _098_/HI
 _098_/LO
 _099_/HI
 _099_/LO
 _100_/HI
 _100_/LO
 _101_/HI
 _101_/LO
 _102_/HI
 _102_/LO
 _103_/HI
 _103_/LO
 _104_/HI
 _104_/LO
 _105_/HI
 _105_/LO
 _106_/HI
 _106_/LO
 _107_/HI
 _107_/LO
 _108_/HI
 _108_/LO
 _109_/HI
 _109_/LO
 _110_/HI
 _110_/LO
 _111_/HI
 _111_/LO
 _112_/HI
 _112_/LO
 _113_/HI
 _113_/LO
 _114_/HI
 _114_/LO
 _115_/HI
 _115_/LO
 _116_/HI
 _116_/LO
 _117_/HI
 _117_/LO
 _118_/HI
 _118_/LO
 _119_/HI
 _119_/LO
 _120_/HI
 _120_/LO
 _121_/HI
 _121_/LO
 _122_/HI
 _122_/LO
Found 0 partially unannotated drivers.

===========================================================================
max slew violation count 0
max fanout violation count 1
max cap violation count 0
============================================================================

===========================================================================
check_setup -verbose -unconstrained_endpoints -multiple_clock -no_clock -no_input_delay -loops -generated_clocks
===========================================================================
Warning: There are 36 unconstrained endpoints.
  data_out[10]
  data_out[11]
  data_out[12]
  data_out[13]
  data_out[14]
  data_out[15]
  data_out[16]
  data_out[17]
  data_out[18]
  data_out[19]
  data_out[20]
  data_out[21]
  data_out[22]
  data_out[23]
  data_out[24]
  data_out[25]
  data_out[26]
  data_out[27]
  data_out[28]
  data_out[29]
  data_out[30]
  data_out[31]
  data_out[4]
  data_out[5]
  data_out[6]
  data_out[7]
  data_out[8]
  data_out[9]
  uo_out[0]
  uo_out[1]
  uo_out[2]
  uo_out[3]
  uo_out[4]
  uo_out[5]
  uo_out[6]
  uo_out[7]
