
===========================================================================
report_checks -unconstrained
===========================================================================
======================= Typical Corner ===================================

Startpoint: rst_n (input port clocked by clk)
Endpoint: _1127_ (recovery check against rising-edge clock clk)
Path Group: asynchronous
Path Type: max

Fanout     Cap    Slew   Delay    Time   Description
-----------------------------------------------------------------------------
                          0.00    0.00   clock clk (rise edge)
                          0.00    0.00   clock network delay (propagated)
                          2.00    2.00 ^ input external delay
                  0.02    0.01    2.01 ^ rst_n (in)
     1    0.00                           rst_n (net)
                  0.02    0.00    2.01 ^ input13/A (sky130_fd_sc_hd__clkbuf_4)
                  0.14    0.20    2.22 ^ input13/X (sky130_fd_sc_hd__clkbuf_4)
     7    0.04                           net13 (net)
                  0.14    0.00    2.22 ^ fanout61/A (sky130_fd_sc_hd__clkbuf_4)
                  0.13    0.24    2.46 ^ fanout61/X (sky130_fd_sc_hd__clkbuf_4)
     8    0.04                           net61 (net)
                  0.13    0.00    2.46 ^ fanout58/A (sky130_fd_sc_hd__clkbuf_8)
                  0.13    0.23    2.69 ^ fanout58/X (sky130_fd_sc_hd__clkbuf_8)
    16    0.07                           net58 (net)
                  0.13    0.00    2.69 ^ fanout57/A (sky130_fd_sc_hd__clkbuf_4)
                  0.15    0.25    2.95 ^ fanout57/X (sky130_fd_sc_hd__clkbuf_4)
    11    0.05                           net57 (net)
                  0.15    0.00    2.95 ^ _1127_/RESET_B (sky130_fd_sc_hd__dfrtp_4)
                                  2.95   data arrival time

                         10.00   10.00   clock clk (rise edge)
                          0.00   10.00   clock source latency
                  0.16    0.11   10.11 ^ clk (in)
     1    0.03                           clk (net)
                  0.16    0.00   10.11 ^ clkbuf_0_clk/A (sky130_fd_sc_hd__clkbuf_16)
                  0.17    0.25   10.35 ^ clkbuf_0_clk/X (sky130_fd_sc_hd__clkbuf_16)
    16    0.15                           clknet_0_clk (net)
                  0.17    0.00   10.35 ^ clkbuf_4_3_0_clk/A (sky130_fd_sc_hd__clkbuf_16)
                  0.05    0.16   10.52 ^ clkbuf_4_3_0_clk/X (sky130_fd_sc_hd__clkbuf_16)
    10    0.03                           clknet_4_3_0_clk (net)
                  0.05    0.00   10.52 ^ _1127_/CLK (sky130_fd_sc_hd__dfrtp_4)
                         -0.25   10.27   clock uncertainty
                          0.00   10.27   clock reconvergence pessimism
                          0.19   10.45   library recovery time
                                 10.45   data required time
-----------------------------------------------------------------------------
                                 10.45   data required time
                                 -2.95   data arrival time
-----------------------------------------------------------------------------
                                  7.51   slack (MET)


Startpoint: address[5] (input port clocked by clk)
Endpoint: data_out[12] (output port clocked by clk)
Path Group: clk
Path Type: max

Fanout     Cap    Slew   Delay    Time   Description
-----------------------------------------------------------------------------
                          0.00    0.00   clock clk (rise edge)
                          0.00    0.00   clock network delay (propagated)
                          2.00    2.00 v input external delay
                  0.01    0.00    2.00 v address[5] (in)
     1    0.00                           address[5] (net)
                  0.01    0.00    2.00 v input4/A (sky130_fd_sc_hd__clkbuf_2)
                  0.08    0.14    2.14 v input4/X (sky130_fd_sc_hd__clkbuf_2)
     4    0.02                           net4 (net)
                  0.08    0.00    2.15 v _0553_/B_N (sky130_fd_sc_hd__and4bb_1)
                  0.06    0.29    2.43 ^ _0553_/X (sky130_fd_sc_hd__and4bb_1)
     1    0.00                           _0174_ (net)
                  0.06    0.00    2.43 ^ _0554_/A (sky130_fd_sc_hd__buf_2)
                  0.16    0.21    2.64 ^ _0554_/X (sky130_fd_sc_hd__buf_2)
    10    0.03                           _0175_ (net)
                  0.16    0.00    2.64 ^ _0590_/A (sky130_fd_sc_hd__buf_4)
                  0.16    0.25    2.89 ^ _0590_/X (sky130_fd_sc_hd__buf_4)
    16    0.06                           _0203_ (net)
                  0.16    0.00    2.90 ^ _0606_/A2 (sky130_fd_sc_hd__a22o_1)
                  0.04    0.16    3.06 ^ _0606_/X (sky130_fd_sc_hd__a22o_1)
     1    0.00                           _0214_ (net)
                  0.04    0.00    3.06 ^ _0607_/B (sky130_fd_sc_hd__and2_1)
                  0.16    0.21    3.26 ^ _0607_/X (sky130_fd_sc_hd__and2_1)
     1    0.02                           _0215_ (net)
                  0.16    0.00    3.27 ^ _0608_/A (sky130_fd_sc_hd__clkbuf_1)
                  0.04    0.11    3.37 ^ _0608_/X (sky130_fd_sc_hd__clkbuf_1)
     1    0.00                           net21 (net)
                  0.04    0.00    3.37 ^ output21/A (sky130_fd_sc_hd__buf_2)
                  0.17    0.21    3.58 ^ output21/X (sky130_fd_sc_hd__buf_2)
     1    0.03                           data_out[12] (net)
                  0.17    0.00    3.58 ^ data_out[12] (out)
                                  3.58   data arrival time

                         10.00   10.00   clock clk (rise edge)
                          0.00   10.00   clock network delay (propagated)
                         -0.25    9.75   clock uncertainty
                          0.00    9.75   clock reconvergence pessimism
                         -2.00    7.75   output external delay
                                  7.75   data required time
-----------------------------------------------------------------------------
                                  7.75   data required time
                                 -3.58   data arrival time
-----------------------------------------------------------------------------
                                  4.17   slack (MET)




===========================================================================
report_checks --slack_max -0.01
============================================================================
======================= Typical Corner ===================================

No paths found.


===========================================================================
 report_check_types -max_slew -max_cap -max_fanout -violators
============================================================================
======================= Typical Corner ===================================



===========================================================================
report_parasitic_annotation -report_unannotated
============================================================================
Found 835 unannotated drivers.
 address[0]
 address[1]
 address[2]
 address[3]
 address[4]
 address[5]
 clk
 data_in[0]
 data_in[10]
 data_in[11]
 data_in[12]
 data_in[13]
 data_in[14]
 data_in[15]
 data_in[16]
 data_in[17]
 data_in[18]
 data_in[19]
 data_in[1]
 data_in[20]
 data_in[21]
 data_in[22]
 data_in[23]
 data_in[24]
 data_in[25]
 data_in[26]
 data_in[27]
 data_in[28]
 data_in[29]
 data_in[2]
 data_in[30]
 data_in[31]
 data_in[3]
 data_in[4]
 data_in[5]
 data_in[6]
 data_in[7]
 data_in[8]
 data_in[9]
 data_read_n[0]
 data_read_n[1]
 data_ready
 data_write_n[0]
 data_write_n[1]
 rst_n
 ui_in[0]
 ui_in[1]
 ui_in[2]
 ui_in[3]
 ui_in[4]
 ui_in[5]
 ui_in[6]
 ui_in[7]
 _0506_/X
 _0507_/Y
 _0508_/Y
 _0509_/Y
 _0510_/X
 _0511_/X
 _0512_/Y
 _0513_/Y
 _0514_/X
 _0515_/X
 _0516_/Y
 _0517_/X
 _0518_/X
 _0519_/X
 _0520_/X
 _0521_/X
 _0522_/X
 _0523_/Y
 _0524_/Y
 _0525_/X
 _0526_/X
 _0527_/X
 _0528_/X
 _0529_/X
 _0530_/X
 _0531_/Y
 _0532_/Y
 _0533_/Y
 _0534_/Y
 _0535_/Y
 _0536_/Y
 _0537_/X
 _0538_/X
 _0539_/X
 _0540_/X
 _0541_/X
 _0542_/X
 _0543_/X
 _0544_/Y
 _0545_/X
 _0546_/X
 _0547_/X
 _0548_/Y
 _0549_/X
 _0550_/X
 _0551_/X
 _0552_/X
 _0553_/X
 _0554_/X
 _0555_/X
 _0556_/X
 _0557_/Y
 _0558_/X
 _0559_/X
 _0560_/X
 _0561_/X
 _0562_/X
 _0563_/X
 _0564_/X
 _0565_/X
 _0566_/X
 _0567_/X
 _0568_/X
 _0569_/X
 _0570_/X
 _0571_/X
 _0572_/X
 _0573_/X
 _0574_/X
 _0575_/X
 _0576_/X
 _0577_/X
 _0578_/X
 _0579_/X
 _0580_/X
 _0581_/X
 _0582_/X
 _0583_/X
 _0584_/X
 _0585_/X
 _0586_/X
 _0587_/X
 _0588_/X
 _0589_/X
 _0590_/X
 _0591_/X
 _0592_/X
 _0593_/X
 _0594_/X
 _0595_/X
 _0596_/X
 _0597_/X
 _0598_/X
 _0599_/X
 _0600_/X
 _0601_/X
 _0602_/X
 _0603_/X
 _0604_/X
 _0605_/X
 _0606_/X
 _0607_/X
 _0608_/X
 _0609_/X
 _0610_/X
 _0611_/X
 _0612_/X
 _0613_/X
 _0614_/X
 _0615_/X
 _0616_/X
 _0617_/X
 _0618_/X
 _0619_/X
 _0620_/Y
 _0621_/X
 _0622_/X
 _0623_/X
 _0624_/X
 _0625_/X
 _0626_/X
 _0627_/X
 _0628_/X
 _0629_/X
 _0630_/X
 _0631_/X
 _0632_/X
 _0633_/X
 _0634_/X
 _0635_/X
 _0636_/X
 _0637_/X
 _0638_/Y
 _0639_/X
 _0640_/X
 _0641_/X
 _0642_/X
 _0643_/X
 _0644_/X
 _0645_/X
 _0646_/X
 _0647_/X
 _0648_/Y
 _0649_/Y
 _0650_/X
 _0651_/X
 _0652_/X
 _0653_/Y
 _0654_/X
 _0655_/X
 _0656_/X
 _0657_/Y
 _0658_/X
 _0659_/X
 _0660_/X
 _0661_/X
 _0662_/X
 _0663_/X
 _0664_/Y
 _0665_/X
 _0666_/X
 _0667_/X
 _0668_/X
 _0669_/X
 _0670_/X
 _0671_/X
 _0672_/X
 _0673_/X
 _0674_/X
 _0675_/X
 _0676_/Y
 _0677_/X
 _0678_/X
 _0679_/X
 _0680_/X
 _0681_/X
 _0682_/X
 _0683_/Y
 _0684_/Y
 _0685_/Y
 _0686_/Y
 _0687_/X
 _0688_/Y
 _0689_/Y
 _0690_/Y
 _0691_/X
 _0692_/X
 _0693_/X
 _0694_/X
 _0695_/Y
 _0696_/Y
 _0697_/Y
 _0698_/X
 _0699_/X
 _0700_/Y
 _0701_/X
 _0702_/Y
 _0703_/Y
 _0704_/Y
 _0705_/Y
 _0706_/X
 _0707_/X
 _0708_/Y
 _0709_/X
 _0710_/X
 _0711_/Y
 _0712_/Y
 _0713_/X
 _0714_/Y
 _0715_/Y
 _0716_/Y
 _0717_/Y
 _0718_/X
 _0719_/Y
 _0720_/X
 _0721_/X
 _0722_/X
 _0723_/Y
 _0724_/Y
 _0725_/X
 _0726_/X
 _0727_/X
 _0728_/Y
 _0729_/Y
 _0730_/X
 _0731_/Y
 _0732_/Y
 _0733_/Y
 _0734_/X
 _0735_/Y
 _0736_/X
 _0737_/X
 _0738_/Y
 _0739_/X
 _0740_/X
 _0741_/Y
 _0742_/Y
 _0743_/X
 _0744_/Y
 _0745_/Y
 _0746_/X
 _0747_/Y
 _0748_/Y
 _0749_/Y
 _0750_/X
 _0751_/X
 _0752_/Y
 _0753_/X
 _0754_/Y
 _0755_/X
 _0756_/X
 _0757_/Y
 _0758_/Y
 _0759_/X
 _0760_/X
 _0761_/X
 _0762_/Y
 _0763_/Y
 _0764_/Y
 _0765_/X
 _0766_/X
 _0767_/X
 _0768_/X
 _0769_/X
 _0770_/Y
 _0771_/Y
 _0772_/X
 _0773_/X
 _0774_/Y
 _0775_/X
 _0776_/X
 _0777_/Y
 _0778_/X
 _0779_/X
 _0780_/X
 _0781_/X
 _0782_/X
 _0783_/X
 _0784_/X
 _0785_/X
 _0786_/X
 _0787_/X
 _0788_/X
 _0789_/X
 _0790_/X
 _0791_/X
 _0792_/X
 _0793_/Y
 _0794_/X
 _0795_/Y
 _0796_/Y
 _0797_/X
 _0798_/X
 _0799_/X
 _0800_/X
 _0801_/X
 _0802_/Y
 _0803_/X
 _0804_/X
 _0805_/X
 _0806_/Y
 _0807_/X
 _0808_/X
 _0809_/X
 _0810_/Y
 _0811_/X
 _0812_/X
 _0813_/X
 _0814_/X
 _0815_/X
 _0816_/Y
 _0817_/X
 _0818_/X
 _0819_/X
 _0820_/X
 _0821_/Y
 _0822_/X
 _0823_/X
 _0824_/X
 _0825_/X
 _0826_/X
 _0827_/X
 _0828_/X
 _0829_/Y
 _0830_/Y
 _0831_/X
 _0832_/X
 _0833_/X
 _0834_/X
 _0835_/X
 _0836_/X
 _0837_/X
 _0838_/X
 _0839_/X
 _0840_/Y
 _0841_/X
 _0842_/X
 _0843_/X
 _0844_/Y
 _0845_/X
 _0846_/X
 _0847_/X
 _0848_/X
 _0849_/X
 _0850_/X
 _0851_/X
 _0852_/X
 _0853_/Y
 _0854_/X
 _0855_/X
 _0856_/X
 _0857_/Y
 _0858_/X
 _0859_/X
 _0860_/X
 _0861_/X
 _0862_/X
 _0863_/X
 _0864_/X
 _0865_/Y
 _0866_/Y
 _0867_/Y
 _0868_/X
 _0869_/X
 _0870_/X
 _0871_/X
 _0872_/X
 _0873_/X
 _0874_/X
 _0875_/X
 _0876_/X
 _0877_/X
 _0878_/X
 _0879_/X
 _0880_/X
 _0881_/X
 _0882_/X
 _0883_/X
 _0884_/X
 _0885_/X
 _0886_/X
 _0887_/X
 _0888_/X
 _0889_/X
 _0890_/X
 _0891_/X
 _0892_/X
 _0893_/X
 _0894_/X
 _0895_/X
 _0896_/X
 _0897_/X
 _0898_/X
 _0899_/X
 _0900_/Y
 _0901_/X
 _0902_/X
 _0903_/X
 _0904_/Y
 _0905_/X
 _0906_/X
 _0907_/X
 _0908_/X
 _0909_/X
 _0910_/Y
 _0911_/X
 _0912_/X
 _0913_/Y
 _0914_/Y
 _0915_/Y
 _0916_/X
 _0917_/Y
 _0918_/X
 _0919_/X
 _0920_/X
 _0921_/X
 _0922_/X
 _0923_/X
 _0924_/X
 _0925_/X
 _0926_/X
 _0927_/X
 _0928_/X
 _0929_/X
 _0930_/X
 _0931_/Y
 _0932_/X
 _0933_/Y
 _0934_/Y
 _0935_/Y
 _0936_/Y
 _0937_/Y
 _0938_/X
 _0939_/Y
 _0940_/Y
 _0941_/Y
 _0942_/X
 _0943_/X
 _0944_/Y
 _0945_/X
 _0946_/X
 _0947_/X
 _0948_/X
 _0949_/Y
 _0950_/Y
 _0951_/X
 _0952_/X
 _0953_/X
 _0954_/X
 _0955_/X
 _0956_/X
 _0957_/X
 _0958_/Y
 _0959_/X
 _0960_/X
 _0961_/X
 _0962_/Y
 _0963_/X
 _0964_/X
 _0965_/Y
 _0966_/X
 _0967_/X
 _0968_/Y
 _0969_/X
 _0970_/X
 _0971_/X
 _0972_/X
 _0973_/X
 _0974_/X
 _0975_/X
 _0976_/X
 _0977_/X
 _0978_/X
 _0979_/X
 _0980_/X
 _0981_/X
 _0982_/X
 _0983_/X
 _0984_/X
 _0985_/X
 _0986_/X
 _0987_/X
 _0988_/X
 _0989_/X
 _0990_/X
 _0991_/X
 _0992_/X
 _0993_/X
 _0994_/X
 _0995_/X
 _0996_/X
 _0997_/X
 _0998_/X
 _0999_/X
 _1000_/X
 _1001_/X
 _1002_/X
 _1003_/X
 _1004_/X
 _1005_/X
 _1006_/X
 _1007_/X
 _1008_/X
 _1009_/X
 _1010_/X
 _1011_/X
 _1012_/X
 _1013_/X
 _1014_/X
 _1015_/X
 _1016_/X
 _1017_/X
 _1018_/X
 _1019_/X
 _1020_/X
 _1021_/X
 _1022_/X
 _1023_/X
 _1024_/X
 _1025_/X
 _1026_/X
 _1027_/X
 _1028_/X
 _1029_/Y
 _1030_/Y
 _1031_/X
 _1032_/X
 _1033_/X
 _1034_/X
 _1035_/X
 _1036_/Y
 _1037_/X
 _1038_/X
 _1039_/Q
 _1040_/Q
 _1041_/Q
 _1042_/Q
 _1043_/Q
 _1044_/Q
 _1045_/Q
 _1046_/Q
 _1047_/Q
 _1048_/Q
 _1049_/Q
 _1050_/Q
 _1051_/Q
 _1052_/Q
 _1053_/Q
 _1054_/Q
 _1055_/Q
 _1056_/Q
 _1057_/Q
 _1058_/Q
 _1059_/Q
 _1060_/Q
 _1061_/Q
 _1062_/Q
 _1063_/Q
 _1064_/Q
 _1065_/Q
 _1066_/Q
 _1067_/Q
 _1068_/Q
 _1069_/Q
 _1070_/Q
 _1071_/Q
 _1072_/Q
 _1073_/Q
 _1074_/Q
 _1075_/Q
 _1076_/Q
 _1077_/Q
 _1078_/Q
 _1079_/Q
 _1080_/Q
 _1081_/Q
 _1082_/Q
 _1083_/Q
 _1084_/Q
 _1085_/Q
 _1086_/Q
 _1087_/Q
 _1088_/Q
 _1089_/Q
 _1090_/Q
 _1091_/Q
 _1092_/Q
 _1093_/Q
 _1094_/Q
 _1095_/Q
 _1096_/Q
 _1097_/Q
 _1098_/Q
 _1099_/Q
 _1100_/Q
 _1101_/Q
 _1102_/Q
 _1103_/Q
 _1104_/Q
 _1105_/Q
 _1106_/Q
 _1107_/Q
 _1108_/Q
 _1109_/Q
 _1110_/Q
 _1111_/Q
 _1112_/Q
 _1113_/Q
 _1114_/Q
 _1115_/Q
 _1116_/Q
 _1117_/Q
 _1118_/Q
 _1119_/Q
 _1120_/Q
 _1121_/Q
 _1122_/Q
 _1123_/Q
 _1124_/Q
 _1125_/Q
 _1126_/Q
 _1127_/Q
 _1128_/Q
 _1129_/Q
 _1130_/Q
 _1131_/Q
 _1132_/Q
 _1133_/Q
 _1134_/Q
 _1135_/Q
 _1136_/Q
 _1137_/Q
 _1138_/Q
 _1139_/Q
 _1140_/Q
 _1141_/Q
 _1142_/Q
 _1143_/Q
 _1144_/Q
 _1145_/Q
 _1146_/Q
 _1147_/Q
 _1148_/Q
 _1149_/Q
 _1150_/Q
 _1151_/Q
 _1152_/Q
 _1153_/Q
 _1154_/Q
 _1155_/Q
 _1156_/Q
 _1157_/Q
 _1158_/Q
 _1159_/Q
 _1160_/Q
 _1161_/Q
 _1162_/Q
 _1163_/Q
 _1164_/Q
 _1165_/Q
 _1166_/Q
 _1167_/Q
 _1168_/Q
 _1169_/Q
 _1170_/Q
 _1171_/Q
 _1172_/Q
 _1173_/Q
 _1174_/Q
 _1175_/Q
 _1176_/Q
 _1177_/Q
 _1178_/Q
 _1179_/Q
 _1180_/Q
 _1181_/Q
 _1182_/Q
 _1194_/X
 clkbuf_0_clk/X
 clkbuf_4_0_0_clk/X
 clkbuf_4_10_0_clk/X
 clkbuf_4_11_0_clk/X
 clkbuf_4_12_0_clk/X
 clkbuf_4_13_0_clk/X
 clkbuf_4_14_0_clk/X
 clkbuf_4_15_0_clk/X
 clkbuf_4_1_0_clk/X
 clkbuf_4_2_0_clk/X
 clkbuf_4_3_0_clk/X
 clkbuf_4_4_0_clk/X
 clkbuf_4_5_0_clk/X
 clkbuf_4_6_0_clk/X
 clkbuf_4_7_0_clk/X
 clkbuf_4_8_0_clk/X
 clkbuf_4_9_0_clk/X
 fanout56/X
 fanout57/X
 fanout58/X
 fanout59/X
 fanout60/X
 fanout61/X
 fanout62/X
 fanout63/X
 fanout64/X
 fanout65/X
 input1/X
 input10/X
 input11/X
 input12/X
 input13/X
 input14/X
 input15/X
 input16/X
 input17/X
 input2/X
 input3/X
 input4/X
 input5/X
 input6/X
 input7/X
 input8/X
 input9/X
 max_cap48/X
 max_cap49/X
 max_cap50/X
 max_cap52/X
 max_cap53/X
 max_cap54/X
 max_cap55/X
 output18/X
 output19/X
 output20/X
 output21/X
 output22/X
 output23/X
 output24/X
 output25/X
 output26/X
 output27/X
 output28/X
 output29/X
 output30/X
 output31/X
 output32/X
 output33/X
 output34/X
 output35/X
 output36/X
 output37/X
 output38/X
 output39/X
 output40/X
 output41/X
 output42/X
 output43/X
 output44/X
 output45/X
 output46/X
 output47/X
 tqvp_spi_traffic3_66/HI
 tqvp_spi_traffic3_66/LO
 tqvp_spi_traffic3_67/HI
 tqvp_spi_traffic3_67/LO
 tqvp_spi_traffic3_68/HI
 tqvp_spi_traffic3_68/LO
 tqvp_spi_traffic3_69/HI
 tqvp_spi_traffic3_69/LO
 tqvp_spi_traffic3_70/HI
 tqvp_spi_traffic3_70/LO
 tqvp_spi_traffic3_71/HI
 tqvp_spi_traffic3_71/LO
 tqvp_spi_traffic3_72/HI
 tqvp_spi_traffic3_72/LO
 tqvp_spi_traffic3_73/HI
 tqvp_spi_traffic3_73/LO
 tqvp_spi_traffic3_74/HI
 tqvp_spi_traffic3_74/LO
 tqvp_spi_traffic3_75/HI
 tqvp_spi_traffic3_75/LO
 tqvp_spi_traffic3_76/HI
 tqvp_spi_traffic3_76/LO
 wire51/X
Found 0 partially unannotated drivers.

===========================================================================
max slew violation count 0
max fanout violation count 0
max cap violation count 0
============================================================================

===========================================================================
check_setup -verbose -unconstrained_endpoints -multiple_clock -no_clock -no_input_delay -loops -generated_clocks
===========================================================================
Warning: There are 11 unconstrained endpoints.
  data_out[25]
  data_out[26]
  data_out[27]
  data_out[28]
  data_out[29]
  data_out[30]
  data_out[31]
  uo_out[4]
  uo_out[5]
  uo_out[6]
  uo_out[7]
