
61. Printing statistics.

=== tqvp_spi_traffic ===

   Number of wires:                114
   Number of wire bits:            197
   Number of public wires:          31
   Number of public wire bits:     114
   Number of memories:               0
   Number of memory bits:            0
   Number of processes:              0
   Number of cells:                145
     sky130_fd_sc_hd__a2111o_2       1
     sky130_fd_sc_hd__a2111oi_2      1
     sky130_fd_sc_hd__a211o_2        1
     sky130_fd_sc_hd__a211oi_2       1
     sky130_fd_sc_hd__a21bo_2        1
     sky130_fd_sc_hd__a21boi_2       3
     sky130_fd_sc_hd__a21o_2         1
     sky130_fd_sc_hd__a21oi_2        3
     sky130_fd_sc_hd__a221o_2        2
     sky130_fd_sc_hd__a22o_2         9
     sky130_fd_sc_hd__and2b_2        6
     sky130_fd_sc_hd__and4bb_2       1
     sky130_fd_sc_hd__buf_1         19
     sky130_fd_sc_hd__conb_1        33
     sky130_fd_sc_hd__dfrtp_2       19
     sky130_fd_sc_hd__dfstp_2        2
     sky130_fd_sc_hd__inv_2          4
     sky130_fd_sc_hd__mux2_2        18
     sky130_fd_sc_hd__nand2_2        4
     sky130_fd_sc_hd__nor2_2         1
     sky130_fd_sc_hd__nor4_2         1
     sky130_fd_sc_hd__nor4b_2        1
     sky130_fd_sc_hd__o211a_2        2
     sky130_fd_sc_hd__o22a_2         1
     sky130_fd_sc_hd__o31ai_2        1
     sky130_fd_sc_hd__or2_2          1
     sky130_fd_sc_hd__or2b_2         3
     sky130_fd_sc_hd__or3b_2         2
     sky130_fd_sc_hd__or4_2          3

   Chip area for module '\tqvp_spi_traffic': 1448.889600

