
===========================================================================
report_checks -path_delay min (Hold)
============================================================================
======================= Typical Corner ===================================

Startpoint: _193_ (rising edge-triggered flip-flop clocked by clk)
Endpoint: _194_ (rising edge-triggered flip-flop clocked by clk)
Path Group: clk
Path Type: min

Fanout     Cap    Slew   Delay    Time   Description
-----------------------------------------------------------------------------
                  0.15    0.00    0.00   clock clk (rise edge)
                          0.00    0.00   clock network delay (ideal)
                  0.15    0.00    0.00 ^ _193_/CLK (sky130_fd_sc_hd__dfrtp_2)
                  0.04    0.34    0.34 ^ _193_/Q (sky130_fd_sc_hd__dfrtp_2)
     1    0.00                           loop_s1 (net)
                  0.04    0.00    0.34 ^ _194_/D (sky130_fd_sc_hd__dfrtp_2)
                                  0.34   data arrival time

                  0.15    0.00    0.00   clock clk (rise edge)
                          0.00    0.00   clock network delay (ideal)
                          0.25    0.25   clock uncertainty
                          0.00    0.25   clock reconvergence pessimism
                                  0.25 ^ _194_/CLK (sky130_fd_sc_hd__dfrtp_2)
                         -0.02    0.23   library hold time
                                  0.23   data required time
-----------------------------------------------------------------------------
                                  0.23   data required time
                                 -0.34   data arrival time
-----------------------------------------------------------------------------
                                  0.11   slack (MET)


Startpoint: _194_ (rising edge-triggered flip-flop clocked by clk)
Endpoint: _174_ (rising edge-triggered flip-flop clocked by clk)
Path Group: clk
Path Type: min

Fanout     Cap    Slew   Delay    Time   Description
-----------------------------------------------------------------------------
                  0.15    0.00    0.00   clock clk (rise edge)
                          0.00    0.00   clock network delay (ideal)
                  0.15    0.00    0.00 ^ _194_/CLK (sky130_fd_sc_hd__dfrtp_2)
                  0.08    0.39    0.39 ^ _194_/Q (sky130_fd_sc_hd__dfrtp_2)
     3    0.01                           loop_detect (net)
                  0.08    0.00    0.39 ^ _120_/A2 (sky130_fd_sc_hd__a21oi_2)
                  0.03    0.07    0.46 v _120_/Y (sky130_fd_sc_hd__a21oi_2)
     2    0.01                           _082_ (net)
                  0.03    0.00    0.46 v _135_/A (sky130_fd_sc_hd__nand2_2)
                  0.02    0.04    0.50 ^ _135_/Y (sky130_fd_sc_hd__nand2_2)
     1    0.00                           _000_ (net)
                  0.02    0.00    0.50 ^ _174_/D (sky130_fd_sc_hd__dfrtp_2)
                                  0.50   data arrival time

                  0.15    0.00    0.00   clock clk (rise edge)
                          0.00    0.00   clock network delay (ideal)
                          0.25    0.25   clock uncertainty
                          0.00    0.25   clock reconvergence pessimism
                                  0.25 ^ _174_/CLK (sky130_fd_sc_hd__dfrtp_2)
                         -0.02    0.23   library hold time
                                  0.23   data required time
-----------------------------------------------------------------------------
                                  0.23   data required time
                                 -0.50   data arrival time
-----------------------------------------------------------------------------
                                  0.26   slack (MET)


Startpoint: _177_ (rising edge-triggered flip-flop clocked by clk)
Endpoint: _177_ (rising edge-triggered flip-flop clocked by clk)
Path Group: clk
Path Type: min

Fanout     Cap    Slew   Delay    Time   Description
-----------------------------------------------------------------------------
                  0.15    0.00    0.00   clock clk (rise edge)
                          0.00    0.00   clock network delay (ideal)
                  0.15    0.00    0.00 ^ _177_/CLK (sky130_fd_sc_hd__dfrtp_2)
                  0.06    0.37    0.37 ^ _177_/Q (sky130_fd_sc_hd__dfrtp_2)
     4    0.01                           wifi_count_reg[0] (net)
                  0.06    0.00    0.37 ^ _141_/A0 (sky130_fd_sc_hd__mux2_2)
                  0.03    0.13    0.50 ^ _141_/X (sky130_fd_sc_hd__mux2_2)
     1    0.00                           _029_ (net)
                  0.03    0.00    0.50 ^ _142_/A (sky130_fd_sc_hd__buf_1)
                  0.04    0.07    0.57 ^ _142_/X (sky130_fd_sc_hd__buf_1)
     1    0.00                           _003_ (net)
                  0.04    0.00    0.57 ^ _177_/D (sky130_fd_sc_hd__dfrtp_2)
                                  0.57   data arrival time

                  0.15    0.00    0.00   clock clk (rise edge)
                          0.00    0.00   clock network delay (ideal)
                          0.25    0.25   clock uncertainty
                          0.00    0.25   clock reconvergence pessimism
                                  0.25 ^ _177_/CLK (sky130_fd_sc_hd__dfrtp_2)
                         -0.02    0.23   library hold time
                                  0.23   data required time
-----------------------------------------------------------------------------
                                  0.23   data required time
                                 -0.57   data arrival time
-----------------------------------------------------------------------------
                                  0.33   slack (MET)


Startpoint: _191_ (rising edge-triggered flip-flop clocked by clk)
Endpoint: _191_ (rising edge-triggered flip-flop clocked by clk)
Path Group: clk
Path Type: min

Fanout     Cap    Slew   Delay    Time   Description
-----------------------------------------------------------------------------
                  0.15    0.00    0.00   clock clk (rise edge)
                          0.00    0.00   clock network delay (ideal)
                  0.15    0.00    0.00 ^ _191_/CLK (sky130_fd_sc_hd__dfrtp_2)
                  0.06    0.37    0.37 ^ _191_/Q (sky130_fd_sc_hd__dfrtp_2)
     4    0.01                           threshold_reg[6] (net)
                  0.06    0.00    0.37 ^ _170_/A0 (sky130_fd_sc_hd__mux2_2)
                  0.03    0.13    0.50 ^ _170_/X (sky130_fd_sc_hd__mux2_2)
     1    0.00                           _044_ (net)
                  0.03    0.00    0.50 ^ _171_/A (sky130_fd_sc_hd__buf_1)
                  0.04    0.07    0.57 ^ _171_/X (sky130_fd_sc_hd__buf_1)
     1    0.00                           _017_ (net)
                  0.04    0.00    0.57 ^ _191_/D (sky130_fd_sc_hd__dfrtp_2)
                                  0.57   data arrival time

                  0.15    0.00    0.00   clock clk (rise edge)
                          0.00    0.00   clock network delay (ideal)
                          0.25    0.25   clock uncertainty
                          0.00    0.25   clock reconvergence pessimism
                                  0.25 ^ _191_/CLK (sky130_fd_sc_hd__dfrtp_2)
                         -0.02    0.23   library hold time
                                  0.23   data required time
-----------------------------------------------------------------------------
                                  0.23   data required time
                                 -0.57   data arrival time
-----------------------------------------------------------------------------
                                  0.34   slack (MET)


Startpoint: _190_ (rising edge-triggered flip-flop clocked by clk)
Endpoint: _190_ (rising edge-triggered flip-flop clocked by clk)
Path Group: clk
Path Type: min

Fanout     Cap    Slew   Delay    Time   Description
-----------------------------------------------------------------------------
                  0.15    0.00    0.00   clock clk (rise edge)
                          0.00    0.00   clock network delay (ideal)
                  0.15    0.00    0.00 ^ _190_/CLK (sky130_fd_sc_hd__dfrtp_2)
                  0.06    0.37    0.37 ^ _190_/Q (sky130_fd_sc_hd__dfrtp_2)
     4    0.01                           threshold_reg[5] (net)
                  0.06    0.00    0.37 ^ _168_/A0 (sky130_fd_sc_hd__mux2_2)
                  0.03    0.13    0.50 ^ _168_/X (sky130_fd_sc_hd__mux2_2)
     1    0.00                           _043_ (net)
                  0.03    0.00    0.50 ^ _169_/A (sky130_fd_sc_hd__buf_1)
                  0.04    0.07    0.57 ^ _169_/X (sky130_fd_sc_hd__buf_1)
     1    0.00                           _016_ (net)
                  0.04    0.00    0.57 ^ _190_/D (sky130_fd_sc_hd__dfrtp_2)
                                  0.57   data arrival time

                  0.15    0.00    0.00   clock clk (rise edge)
                          0.00    0.00   clock network delay (ideal)
                          0.25    0.25   clock uncertainty
                          0.00    0.25   clock reconvergence pessimism
                                  0.25 ^ _190_/CLK (sky130_fd_sc_hd__dfrtp_2)
                         -0.02    0.23   library hold time
                                  0.23   data required time
-----------------------------------------------------------------------------
                                  0.23   data required time
                                 -0.57   data arrival time
-----------------------------------------------------------------------------
                                  0.34   slack (MET)


Startpoint: _186_ (rising edge-triggered flip-flop clocked by clk)
Endpoint: _186_ (rising edge-triggered flip-flop clocked by clk)
Path Group: clk
Path Type: min

Fanout     Cap    Slew   Delay    Time   Description
-----------------------------------------------------------------------------
                  0.15    0.00    0.00   clock clk (rise edge)
                          0.00    0.00   clock network delay (ideal)
                  0.15    0.00    0.00 ^ _186_/CLK (sky130_fd_sc_hd__dfrtp_2)
                  0.06    0.37    0.37 ^ _186_/Q (sky130_fd_sc_hd__dfrtp_2)
     4    0.01                           threshold_reg[1] (net)
                  0.06    0.00    0.37 ^ _160_/A0 (sky130_fd_sc_hd__mux2_2)
                  0.03    0.13    0.50 ^ _160_/X (sky130_fd_sc_hd__mux2_2)
     1    0.00                           _039_ (net)
                  0.03    0.00    0.50 ^ _161_/A (sky130_fd_sc_hd__buf_1)
                  0.04    0.07    0.57 ^ _161_/X (sky130_fd_sc_hd__buf_1)
     1    0.00                           _012_ (net)
                  0.04    0.00    0.57 ^ _186_/D (sky130_fd_sc_hd__dfrtp_2)
                                  0.57   data arrival time

                  0.15    0.00    0.00   clock clk (rise edge)
                          0.00    0.00   clock network delay (ideal)
                          0.25    0.25   clock uncertainty
                          0.00    0.25   clock reconvergence pessimism
                                  0.25 ^ _186_/CLK (sky130_fd_sc_hd__dfrtp_2)
                         -0.02    0.23   library hold time
                                  0.23   data required time
-----------------------------------------------------------------------------
                                  0.23   data required time
                                 -0.57   data arrival time
-----------------------------------------------------------------------------
                                  0.34   slack (MET)


Startpoint: _189_ (rising edge-triggered flip-flop clocked by clk)
Endpoint: _189_ (rising edge-triggered flip-flop clocked by clk)
Path Group: clk
Path Type: min

Fanout     Cap    Slew   Delay    Time   Description
-----------------------------------------------------------------------------
                  0.15    0.00    0.00   clock clk (rise edge)
                          0.00    0.00   clock network delay (ideal)
                  0.15    0.00    0.00 ^ _189_/CLK (sky130_fd_sc_hd__dfrtp_2)
                  0.06    0.38    0.38 ^ _189_/Q (sky130_fd_sc_hd__dfrtp_2)
     4    0.01                           threshold_reg[4] (net)
                  0.06    0.00    0.38 ^ _166_/A0 (sky130_fd_sc_hd__mux2_2)
                  0.03    0.13    0.50 ^ _166_/X (sky130_fd_sc_hd__mux2_2)
     1    0.00                           _042_ (net)
                  0.03    0.00    0.50 ^ _167_/A (sky130_fd_sc_hd__buf_1)
                  0.04    0.07    0.57 ^ _167_/X (sky130_fd_sc_hd__buf_1)
     1    0.00                           _015_ (net)
                  0.04    0.00    0.57 ^ _189_/D (sky130_fd_sc_hd__dfrtp_2)
                                  0.57   data arrival time

                  0.15    0.00    0.00   clock clk (rise edge)
                          0.00    0.00   clock network delay (ideal)
                          0.25    0.25   clock uncertainty
                          0.00    0.25   clock reconvergence pessimism
                                  0.25 ^ _189_/CLK (sky130_fd_sc_hd__dfrtp_2)
                         -0.02    0.23   library hold time
                                  0.23   data required time
-----------------------------------------------------------------------------
                                  0.23   data required time
                                 -0.57   data arrival time
-----------------------------------------------------------------------------
                                  0.34   slack (MET)


Startpoint: _176_ (rising edge-triggered flip-flop clocked by clk)
Endpoint: _176_ (rising edge-triggered flip-flop clocked by clk)
Path Group: clk
Path Type: min

Fanout     Cap    Slew   Delay    Time   Description
-----------------------------------------------------------------------------
                  0.15    0.00    0.00   clock clk (rise edge)
                          0.00    0.00   clock network delay (ideal)
                  0.15    0.00    0.00 ^ _176_/CLK (sky130_fd_sc_hd__dfrtp_2)
                  0.07    0.38    0.38 ^ _176_/Q (sky130_fd_sc_hd__dfrtp_2)
     3    0.01                           ctrl_auto (net)
                  0.07    0.00    0.38 ^ _138_/A0 (sky130_fd_sc_hd__mux2_2)
                  0.03    0.13    0.51 ^ _138_/X (sky130_fd_sc_hd__mux2_2)
     1    0.00                           _027_ (net)
                  0.03    0.00    0.51 ^ _139_/A (sky130_fd_sc_hd__buf_1)
                  0.04    0.07    0.57 ^ _139_/X (sky130_fd_sc_hd__buf_1)
     1    0.00                           _002_ (net)
                  0.04    0.00    0.57 ^ _176_/D (sky130_fd_sc_hd__dfrtp_2)
                                  0.57   data arrival time

                  0.15    0.00    0.00   clock clk (rise edge)
                          0.00    0.00   clock network delay (ideal)
                          0.25    0.25   clock uncertainty
                          0.00    0.25   clock reconvergence pessimism
                                  0.25 ^ _176_/CLK (sky130_fd_sc_hd__dfrtp_2)
                         -0.02    0.23   library hold time
                                  0.23   data required time
-----------------------------------------------------------------------------
                                  0.23   data required time
                                 -0.57   data arrival time
-----------------------------------------------------------------------------
                                  0.34   slack (MET)


Startpoint: _182_ (rising edge-triggered flip-flop clocked by clk)
Endpoint: _182_ (rising edge-triggered flip-flop clocked by clk)
Path Group: clk
Path Type: min

Fanout     Cap    Slew   Delay    Time   Description
-----------------------------------------------------------------------------
                  0.15    0.00    0.00   clock clk (rise edge)
                          0.00    0.00   clock network delay (ideal)
                  0.15    0.00    0.00 ^ _182_/CLK (sky130_fd_sc_hd__dfrtp_2)
                  0.07    0.38    0.38 ^ _182_/Q (sky130_fd_sc_hd__dfrtp_2)
     5    0.01                           wifi_count_reg[5] (net)
                  0.07    0.00    0.38 ^ _151_/A0 (sky130_fd_sc_hd__mux2_2)
                  0.03    0.13    0.51 ^ _151_/X (sky130_fd_sc_hd__mux2_2)
     1    0.00                           _034_ (net)
                  0.03    0.00    0.51 ^ _152_/A (sky130_fd_sc_hd__buf_1)
                  0.04    0.07    0.57 ^ _152_/X (sky130_fd_sc_hd__buf_1)
     1    0.00                           _008_ (net)
                  0.04    0.00    0.57 ^ _182_/D (sky130_fd_sc_hd__dfrtp_2)
                                  0.57   data arrival time

                  0.15    0.00    0.00   clock clk (rise edge)
                          0.00    0.00   clock network delay (ideal)
                          0.25    0.25   clock uncertainty
                          0.00    0.25   clock reconvergence pessimism
                                  0.25 ^ _182_/CLK (sky130_fd_sc_hd__dfrtp_2)
                         -0.02    0.23   library hold time
                                  0.23   data required time
-----------------------------------------------------------------------------
                                  0.23   data required time
                                 -0.57   data arrival time
-----------------------------------------------------------------------------
                                  0.34   slack (MET)


Startpoint: _188_ (rising edge-triggered flip-flop clocked by clk)
Endpoint: _188_ (rising edge-triggered flip-flop clocked by clk)
Path Group: clk
Path Type: min

Fanout     Cap    Slew   Delay    Time   Description
-----------------------------------------------------------------------------
                  0.15    0.00    0.00   clock clk (rise edge)
                          0.00    0.00   clock network delay (ideal)
                  0.15    0.00    0.00 ^ _188_/CLK (sky130_fd_sc_hd__dfrtp_2)
                  0.07    0.38    0.38 ^ _188_/Q (sky130_fd_sc_hd__dfrtp_2)
     4    0.01                           threshold_reg[3] (net)
                  0.07    0.00    0.38 ^ _164_/A0 (sky130_fd_sc_hd__mux2_2)
                  0.03    0.13    0.51 ^ _164_/X (sky130_fd_sc_hd__mux2_2)
     1    0.00                           _041_ (net)
                  0.03    0.00    0.51 ^ _165_/A (sky130_fd_sc_hd__buf_1)
                  0.04    0.07    0.58 ^ _165_/X (sky130_fd_sc_hd__buf_1)
     1    0.00                           _014_ (net)
                  0.04    0.00    0.58 ^ _188_/D (sky130_fd_sc_hd__dfrtp_2)
                                  0.58   data arrival time

                  0.15    0.00    0.00   clock clk (rise edge)
                          0.00    0.00   clock network delay (ideal)
                          0.25    0.25   clock uncertainty
                          0.00    0.25   clock reconvergence pessimism
                                  0.25 ^ _188_/CLK (sky130_fd_sc_hd__dfrtp_2)
                         -0.02    0.23   library hold time
                                  0.23   data required time
-----------------------------------------------------------------------------
                                  0.23   data required time
                                 -0.58   data arrival time
-----------------------------------------------------------------------------
                                  0.34   slack (MET)


Startpoint: _183_ (rising edge-triggered flip-flop clocked by clk)
Endpoint: _183_ (rising edge-triggered flip-flop clocked by clk)
Path Group: clk
Path Type: min

Fanout     Cap    Slew   Delay    Time   Description
-----------------------------------------------------------------------------
                  0.15    0.00    0.00   clock clk (rise edge)
                          0.00    0.00   clock network delay (ideal)
                  0.15    0.00    0.00 ^ _183_/CLK (sky130_fd_sc_hd__dfrtp_2)
                  0.07    0.38    0.38 ^ _183_/Q (sky130_fd_sc_hd__dfrtp_2)
     5    0.01                           wifi_count_reg[6] (net)
                  0.07    0.00    0.38 ^ _153_/A0 (sky130_fd_sc_hd__mux2_2)
                  0.03    0.13    0.51 ^ _153_/X (sky130_fd_sc_hd__mux2_2)
     1    0.00                           _035_ (net)
                  0.03    0.00    0.51 ^ _154_/A (sky130_fd_sc_hd__buf_1)
                  0.04    0.07    0.58 ^ _154_/X (sky130_fd_sc_hd__buf_1)
     1    0.00                           _009_ (net)
                  0.04    0.00    0.58 ^ _183_/D (sky130_fd_sc_hd__dfrtp_2)
                                  0.58   data arrival time

                  0.15    0.00    0.00   clock clk (rise edge)
                          0.00    0.00   clock network delay (ideal)
                          0.25    0.25   clock uncertainty
                          0.00    0.25   clock reconvergence pessimism
                                  0.25 ^ _183_/CLK (sky130_fd_sc_hd__dfrtp_2)
                         -0.02    0.23   library hold time
                                  0.23   data required time
-----------------------------------------------------------------------------
                                  0.23   data required time
                                 -0.58   data arrival time
-----------------------------------------------------------------------------
                                  0.35   slack (MET)


Startpoint: _180_ (rising edge-triggered flip-flop clocked by clk)
Endpoint: _180_ (rising edge-triggered flip-flop clocked by clk)
Path Group: clk
Path Type: min

Fanout     Cap    Slew   Delay    Time   Description
-----------------------------------------------------------------------------
                  0.15    0.00    0.00   clock clk (rise edge)
                          0.00    0.00   clock network delay (ideal)
                  0.15    0.00    0.00 ^ _180_/CLK (sky130_fd_sc_hd__dfrtp_2)
                  0.07    0.38    0.38 ^ _180_/Q (sky130_fd_sc_hd__dfrtp_2)
     4    0.01                           wifi_count_reg[3] (net)
                  0.07    0.00    0.38 ^ _147_/A0 (sky130_fd_sc_hd__mux2_2)
                  0.03    0.13    0.52 ^ _147_/X (sky130_fd_sc_hd__mux2_2)
     1    0.00                           _032_ (net)
                  0.03    0.00    0.52 ^ _148_/A (sky130_fd_sc_hd__buf_1)
                  0.04    0.07    0.58 ^ _148_/X (sky130_fd_sc_hd__buf_1)
     1    0.00                           _006_ (net)
                  0.04    0.00    0.58 ^ _180_/D (sky130_fd_sc_hd__dfrtp_2)
                                  0.58   data arrival time

                  0.15    0.00    0.00   clock clk (rise edge)
                          0.00    0.00   clock network delay (ideal)
                          0.25    0.25   clock uncertainty
                          0.00    0.25   clock reconvergence pessimism
                                  0.25 ^ _180_/CLK (sky130_fd_sc_hd__dfrtp_2)
                         -0.02    0.23   library hold time
                                  0.23   data required time
-----------------------------------------------------------------------------
                                  0.23   data required time
                                 -0.58   data arrival time
-----------------------------------------------------------------------------
                                  0.35   slack (MET)


Startpoint: _192_ (rising edge-triggered flip-flop clocked by clk)
Endpoint: _192_ (rising edge-triggered flip-flop clocked by clk)
Path Group: clk
Path Type: min

Fanout     Cap    Slew   Delay    Time   Description
-----------------------------------------------------------------------------
                  0.15    0.00    0.00   clock clk (rise edge)
                          0.00    0.00   clock network delay (ideal)
                  0.15    0.00    0.00 ^ _192_/CLK (sky130_fd_sc_hd__dfrtp_2)
                  0.07    0.38    0.38 ^ _192_/Q (sky130_fd_sc_hd__dfrtp_2)
     4    0.01                           threshold_reg[7] (net)
                  0.07    0.00    0.38 ^ _172_/A0 (sky130_fd_sc_hd__mux2_2)
                  0.03    0.13    0.52 ^ _172_/X (sky130_fd_sc_hd__mux2_2)
     1    0.00                           _045_ (net)
                  0.03    0.00    0.52 ^ _173_/A (sky130_fd_sc_hd__buf_1)
                  0.04    0.07    0.58 ^ _173_/X (sky130_fd_sc_hd__buf_1)
     1    0.00                           _018_ (net)
                  0.04    0.00    0.58 ^ _192_/D (sky130_fd_sc_hd__dfrtp_2)
                                  0.58   data arrival time

                  0.15    0.00    0.00   clock clk (rise edge)
                          0.00    0.00   clock network delay (ideal)
                          0.25    0.25   clock uncertainty
                          0.00    0.25   clock reconvergence pessimism
                                  0.25 ^ _192_/CLK (sky130_fd_sc_hd__dfrtp_2)
                         -0.02    0.23   library hold time
                                  0.23   data required time
-----------------------------------------------------------------------------
                                  0.23   data required time
                                 -0.58   data arrival time
-----------------------------------------------------------------------------
                                  0.35   slack (MET)


Startpoint: _179_ (rising edge-triggered flip-flop clocked by clk)
Endpoint: _179_ (rising edge-triggered flip-flop clocked by clk)
Path Group: clk
Path Type: min

Fanout     Cap    Slew   Delay    Time   Description
-----------------------------------------------------------------------------
                  0.15    0.00    0.00   clock clk (rise edge)
                          0.00    0.00   clock network delay (ideal)
                  0.15    0.00    0.00 ^ _179_/CLK (sky130_fd_sc_hd__dfrtp_2)
                  0.07    0.38    0.38 ^ _179_/Q (sky130_fd_sc_hd__dfrtp_2)
     4    0.01                           wifi_count_reg[2] (net)
                  0.07    0.00    0.38 ^ _145_/A0 (sky130_fd_sc_hd__mux2_2)
                  0.03    0.13    0.52 ^ _145_/X (sky130_fd_sc_hd__mux2_2)
     1    0.00                           _031_ (net)
                  0.03    0.00    0.52 ^ _146_/A (sky130_fd_sc_hd__buf_1)
                  0.04    0.07    0.58 ^ _146_/X (sky130_fd_sc_hd__buf_1)
     1    0.00                           _005_ (net)
                  0.04    0.00    0.58 ^ _179_/D (sky130_fd_sc_hd__dfrtp_2)
                                  0.58   data arrival time

                  0.15    0.00    0.00   clock clk (rise edge)
                          0.00    0.00   clock network delay (ideal)
                          0.25    0.25   clock uncertainty
                          0.00    0.25   clock reconvergence pessimism
                                  0.25 ^ _179_/CLK (sky130_fd_sc_hd__dfrtp_2)
                         -0.02    0.23   library hold time
                                  0.23   data required time
-----------------------------------------------------------------------------
                                  0.23   data required time
                                 -0.58   data arrival time
-----------------------------------------------------------------------------
                                  0.35   slack (MET)


Startpoint: _178_ (rising edge-triggered flip-flop clocked by clk)
Endpoint: _178_ (rising edge-triggered flip-flop clocked by clk)
Path Group: clk
Path Type: min

Fanout     Cap    Slew   Delay    Time   Description
-----------------------------------------------------------------------------
                  0.15    0.00    0.00   clock clk (rise edge)
                          0.00    0.00   clock network delay (ideal)
                  0.15    0.00    0.00 ^ _178_/CLK (sky130_fd_sc_hd__dfrtp_2)
                  0.08    0.39    0.39 ^ _178_/Q (sky130_fd_sc_hd__dfrtp_2)
     5    0.01                           wifi_count_reg[1] (net)
                  0.08    0.00    0.39 ^ _143_/A0 (sky130_fd_sc_hd__mux2_2)
                  0.03    0.13    0.52 ^ _143_/X (sky130_fd_sc_hd__mux2_2)
     1    0.00                           _030_ (net)
                  0.03    0.00    0.52 ^ _144_/A (sky130_fd_sc_hd__buf_1)
                  0.04    0.07    0.59 ^ _144_/X (sky130_fd_sc_hd__buf_1)
     1    0.00                           _004_ (net)
                  0.04    0.00    0.59 ^ _178_/D (sky130_fd_sc_hd__dfrtp_2)
                                  0.59   data arrival time

                  0.15    0.00    0.00   clock clk (rise edge)
                          0.00    0.00   clock network delay (ideal)
                          0.25    0.25   clock uncertainty
                          0.00    0.25   clock reconvergence pessimism
                                  0.25 ^ _178_/CLK (sky130_fd_sc_hd__dfrtp_2)
                         -0.02    0.23   library hold time
                                  0.23   data required time
-----------------------------------------------------------------------------
                                  0.23   data required time
                                 -0.59   data arrival time
-----------------------------------------------------------------------------
                                  0.35   slack (MET)


Startpoint: _181_ (rising edge-triggered flip-flop clocked by clk)
Endpoint: _181_ (rising edge-triggered flip-flop clocked by clk)
Path Group: clk
Path Type: min

Fanout     Cap    Slew   Delay    Time   Description
-----------------------------------------------------------------------------
                  0.15    0.00    0.00   clock clk (rise edge)
                          0.00    0.00   clock network delay (ideal)
                  0.15    0.00    0.00 ^ _181_/CLK (sky130_fd_sc_hd__dfrtp_2)
                  0.08    0.39    0.39 ^ _181_/Q (sky130_fd_sc_hd__dfrtp_2)
     5    0.01                           wifi_count_reg[4] (net)
                  0.08    0.00    0.39 ^ _149_/A0 (sky130_fd_sc_hd__mux2_2)
                  0.03    0.13    0.52 ^ _149_/X (sky130_fd_sc_hd__mux2_2)
     1    0.00                           _033_ (net)
                  0.03    0.00    0.52 ^ _150_/A (sky130_fd_sc_hd__buf_1)
                  0.04    0.07    0.59 ^ _150_/X (sky130_fd_sc_hd__buf_1)
     1    0.00                           _007_ (net)
                  0.04    0.00    0.59 ^ _181_/D (sky130_fd_sc_hd__dfrtp_2)
                                  0.59   data arrival time

                  0.15    0.00    0.00   clock clk (rise edge)
                          0.00    0.00   clock network delay (ideal)
                          0.25    0.25   clock uncertainty
                          0.00    0.25   clock reconvergence pessimism
                                  0.25 ^ _181_/CLK (sky130_fd_sc_hd__dfrtp_2)
                         -0.02    0.23   library hold time
                                  0.23   data required time
-----------------------------------------------------------------------------
                                  0.23   data required time
                                 -0.59   data arrival time
-----------------------------------------------------------------------------
                                  0.36   slack (MET)


Startpoint: _175_ (rising edge-triggered flip-flop clocked by clk)
Endpoint: _175_ (rising edge-triggered flip-flop clocked by clk)
Path Group: clk
Path Type: min

Fanout     Cap    Slew   Delay    Time   Description
-----------------------------------------------------------------------------
                  0.15    0.00    0.00   clock clk (rise edge)
                          0.00    0.00   clock network delay (ideal)
                  0.15    0.00    0.00 ^ _175_/CLK (sky130_fd_sc_hd__dfrtp_2)
                  0.09    0.40    0.40 ^ _175_/Q (sky130_fd_sc_hd__dfrtp_2)
     5    0.01                           ctrl_enable (net)
                  0.09    0.00    0.40 ^ _136_/A0 (sky130_fd_sc_hd__mux2_2)
                  0.03    0.14    0.53 ^ _136_/X (sky130_fd_sc_hd__mux2_2)
     1    0.00                           _026_ (net)
                  0.03    0.00    0.53 ^ _137_/A (sky130_fd_sc_hd__buf_1)
                  0.04    0.07    0.60 ^ _137_/X (sky130_fd_sc_hd__buf_1)
     1    0.00                           _001_ (net)
                  0.04    0.00    0.60 ^ _175_/D (sky130_fd_sc_hd__dfrtp_2)
                                  0.60   data arrival time

                  0.15    0.00    0.00   clock clk (rise edge)
                          0.00    0.00   clock network delay (ideal)
                          0.25    0.25   clock uncertainty
                          0.00    0.25   clock reconvergence pessimism
                                  0.25 ^ _175_/CLK (sky130_fd_sc_hd__dfrtp_2)
                         -0.02    0.23   library hold time
                                  0.23   data required time
-----------------------------------------------------------------------------
                                  0.23   data required time
                                 -0.60   data arrival time
-----------------------------------------------------------------------------
                                  0.37   slack (MET)


Startpoint: _184_ (rising edge-triggered flip-flop clocked by clk)
Endpoint: _184_ (rising edge-triggered flip-flop clocked by clk)
Path Group: clk
Path Type: min

Fanout     Cap    Slew   Delay    Time   Description
-----------------------------------------------------------------------------
                  0.15    0.00    0.00   clock clk (rise edge)
                          0.00    0.00   clock network delay (ideal)
                  0.15    0.00    0.00 ^ _184_/CLK (sky130_fd_sc_hd__dfrtp_2)
                  0.09    0.40    0.40 ^ _184_/Q (sky130_fd_sc_hd__dfrtp_2)
     6    0.02                           wifi_count_reg[7] (net)
                  0.09    0.00    0.40 ^ _155_/A0 (sky130_fd_sc_hd__mux2_2)
                  0.03    0.14    0.54 ^ _155_/X (sky130_fd_sc_hd__mux2_2)
     1    0.00                           _036_ (net)
                  0.03    0.00    0.54 ^ _156_/A (sky130_fd_sc_hd__buf_1)
                  0.04    0.07    0.61 ^ _156_/X (sky130_fd_sc_hd__buf_1)
     1    0.00                           _010_ (net)
                  0.04    0.00    0.61 ^ _184_/D (sky130_fd_sc_hd__dfrtp_2)
                                  0.61   data arrival time

                  0.15    0.00    0.00   clock clk (rise edge)
                          0.00    0.00   clock network delay (ideal)
                          0.25    0.25   clock uncertainty
                          0.00    0.25   clock reconvergence pessimism
                                  0.25 ^ _184_/CLK (sky130_fd_sc_hd__dfrtp_2)
                         -0.02    0.23   library hold time
                                  0.23   data required time
-----------------------------------------------------------------------------
                                  0.23   data required time
                                 -0.61   data arrival time
-----------------------------------------------------------------------------
                                  0.37   slack (MET)


Startpoint: _185_ (rising edge-triggered flip-flop clocked by clk)
Endpoint: _185_ (rising edge-triggered flip-flop clocked by clk)
Path Group: clk
Path Type: min

Fanout     Cap    Slew   Delay    Time   Description
-----------------------------------------------------------------------------
                  0.15    0.00    0.00   clock clk (rise edge)
                          0.00    0.00   clock network delay (ideal)
                  0.15    0.00    0.00 ^ _185_/CLK (sky130_fd_sc_hd__dfstp_2)
                  0.03    0.38    0.38 v _185_/Q (sky130_fd_sc_hd__dfstp_2)
     3    0.01                           threshold_reg[0] (net)
                  0.03    0.00    0.38 v _158_/A0 (sky130_fd_sc_hd__mux2_2)
                  0.04    0.23    0.61 v _158_/X (sky130_fd_sc_hd__mux2_2)
     1    0.00                           _038_ (net)
                  0.04    0.00    0.61 v _159_/A (sky130_fd_sc_hd__buf_1)
                  0.02    0.08    0.69 v _159_/X (sky130_fd_sc_hd__buf_1)
     1    0.00                           _011_ (net)
                  0.02    0.00    0.69 v _185_/D (sky130_fd_sc_hd__dfstp_2)
                                  0.69   data arrival time

                  0.15    0.00    0.00   clock clk (rise edge)
                          0.00    0.00   clock network delay (ideal)
                          0.25    0.25   clock uncertainty
                          0.00    0.25   clock reconvergence pessimism
                                  0.25 ^ _185_/CLK (sky130_fd_sc_hd__dfstp_2)
                          0.02    0.27   library hold time
                                  0.27   data required time
-----------------------------------------------------------------------------
                                  0.27   data required time
                                 -0.69   data arrival time
-----------------------------------------------------------------------------
                                  0.42   slack (MET)


Startpoint: _187_ (rising edge-triggered flip-flop clocked by clk)
Endpoint: _187_ (rising edge-triggered flip-flop clocked by clk)
Path Group: clk
Path Type: min

Fanout     Cap    Slew   Delay    Time   Description
-----------------------------------------------------------------------------
                  0.15    0.00    0.00   clock clk (rise edge)
                          0.00    0.00   clock network delay (ideal)
                  0.15    0.00    0.00 ^ _187_/CLK (sky130_fd_sc_hd__dfstp_2)
                  0.03    0.38    0.38 v _187_/Q (sky130_fd_sc_hd__dfstp_2)
     4    0.01                           threshold_reg[2] (net)
                  0.03    0.00    0.38 v _162_/A0 (sky130_fd_sc_hd__mux2_2)
                  0.04    0.23    0.62 v _162_/X (sky130_fd_sc_hd__mux2_2)
     1    0.00                           _040_ (net)
                  0.04    0.00    0.62 v _163_/A (sky130_fd_sc_hd__buf_1)
                  0.02    0.08    0.70 v _163_/X (sky130_fd_sc_hd__buf_1)
     1    0.00                           _013_ (net)
                  0.02    0.00    0.70 v _187_/D (sky130_fd_sc_hd__dfstp_2)
                                  0.70   data arrival time

                  0.15    0.00    0.00   clock clk (rise edge)
                          0.00    0.00   clock network delay (ideal)
                          0.25    0.25   clock uncertainty
                          0.00    0.25   clock reconvergence pessimism
                                  0.25 ^ _187_/CLK (sky130_fd_sc_hd__dfstp_2)
                          0.02    0.27   library hold time
                                  0.27   data required time
-----------------------------------------------------------------------------
                                  0.27   data required time
                                 -0.70   data arrival time
-----------------------------------------------------------------------------
                                  0.43   slack (MET)


Startpoint: rst_n (input port clocked by clk)
Endpoint: _174_ (removal check against rising-edge clock clk)
Path Group: asynchronous
Path Type: min

Fanout     Cap    Slew   Delay    Time   Description
-----------------------------------------------------------------------------
                  0.15    0.00    0.00   clock clk (rise edge)
                          0.00    0.00   clock network delay (ideal)
                          2.00    2.00 ^ input external delay
                  0.35    0.22    2.22 ^ rst_n (in)
    21    0.08                           rst_n (net)
                  0.35    0.00    2.22 ^ _174_/RESET_B (sky130_fd_sc_hd__dfrtp_2)
                                  2.22   data arrival time

                  0.15    0.00    0.00   clock clk (rise edge)
                          0.00    0.00   clock network delay (ideal)
                          0.25    0.25   clock uncertainty
                          0.00    0.25   clock reconvergence pessimism
                                  0.25 ^ _174_/CLK (sky130_fd_sc_hd__dfrtp_2)
                          0.43    0.68   library removal time
                                  0.68   data required time
-----------------------------------------------------------------------------
                                  0.68   data required time
                                 -2.22   data arrival time
-----------------------------------------------------------------------------
                                  1.54   slack (MET)


Startpoint: rst_n (input port clocked by clk)
Endpoint: _175_ (removal check against rising-edge clock clk)
Path Group: asynchronous
Path Type: min

Fanout     Cap    Slew   Delay    Time   Description
-----------------------------------------------------------------------------
                  0.15    0.00    0.00   clock clk (rise edge)
                          0.00    0.00   clock network delay (ideal)
                          2.00    2.00 ^ input external delay
                  0.35    0.22    2.22 ^ rst_n (in)
    21    0.08                           rst_n (net)
                  0.35    0.00    2.22 ^ _175_/RESET_B (sky130_fd_sc_hd__dfrtp_2)
                                  2.22   data arrival time

                  0.15    0.00    0.00   clock clk (rise edge)
                          0.00    0.00   clock network delay (ideal)
                          0.25    0.25   clock uncertainty
                          0.00    0.25   clock reconvergence pessimism
                                  0.25 ^ _175_/CLK (sky130_fd_sc_hd__dfrtp_2)
                          0.43    0.68   library removal time
                                  0.68   data required time
-----------------------------------------------------------------------------
                                  0.68   data required time
                                 -2.22   data arrival time
-----------------------------------------------------------------------------
                                  1.54   slack (MET)


Startpoint: rst_n (input port clocked by clk)
Endpoint: _176_ (removal check against rising-edge clock clk)
Path Group: asynchronous
Path Type: min

Fanout     Cap    Slew   Delay    Time   Description
-----------------------------------------------------------------------------
                  0.15    0.00    0.00   clock clk (rise edge)
                          0.00    0.00   clock network delay (ideal)
                          2.00    2.00 ^ input external delay
                  0.35    0.22    2.22 ^ rst_n (in)
    21    0.08                           rst_n (net)
                  0.35    0.00    2.22 ^ _176_/RESET_B (sky130_fd_sc_hd__dfrtp_2)
                                  2.22   data arrival time

                  0.15    0.00    0.00   clock clk (rise edge)
                          0.00    0.00   clock network delay (ideal)
                          0.25    0.25   clock uncertainty
                          0.00    0.25   clock reconvergence pessimism
                                  0.25 ^ _176_/CLK (sky130_fd_sc_hd__dfrtp_2)
                          0.43    0.68   library removal time
                                  0.68   data required time
-----------------------------------------------------------------------------
                                  0.68   data required time
                                 -2.22   data arrival time
-----------------------------------------------------------------------------
                                  1.54   slack (MET)


Startpoint: rst_n (input port clocked by clk)
Endpoint: _177_ (removal check against rising-edge clock clk)
Path Group: asynchronous
Path Type: min

Fanout     Cap    Slew   Delay    Time   Description
-----------------------------------------------------------------------------
                  0.15    0.00    0.00   clock clk (rise edge)
                          0.00    0.00   clock network delay (ideal)
                          2.00    2.00 ^ input external delay
                  0.35    0.22    2.22 ^ rst_n (in)
    21    0.08                           rst_n (net)
                  0.35    0.00    2.22 ^ _177_/RESET_B (sky130_fd_sc_hd__dfrtp_2)
                                  2.22   data arrival time

                  0.15    0.00    0.00   clock clk (rise edge)
                          0.00    0.00   clock network delay (ideal)
                          0.25    0.25   clock uncertainty
                          0.00    0.25   clock reconvergence pessimism
                                  0.25 ^ _177_/CLK (sky130_fd_sc_hd__dfrtp_2)
                          0.43    0.68   library removal time
                                  0.68   data required time
-----------------------------------------------------------------------------
                                  0.68   data required time
                                 -2.22   data arrival time
-----------------------------------------------------------------------------
                                  1.54   slack (MET)


Startpoint: rst_n (input port clocked by clk)
Endpoint: _178_ (removal check against rising-edge clock clk)
Path Group: asynchronous
Path Type: min

Fanout     Cap    Slew   Delay    Time   Description
-----------------------------------------------------------------------------
                  0.15    0.00    0.00   clock clk (rise edge)
                          0.00    0.00   clock network delay (ideal)
                          2.00    2.00 ^ input external delay
                  0.35    0.22    2.22 ^ rst_n (in)
    21    0.08                           rst_n (net)
                  0.35    0.00    2.22 ^ _178_/RESET_B (sky130_fd_sc_hd__dfrtp_2)
                                  2.22   data arrival time

                  0.15    0.00    0.00   clock clk (rise edge)
                          0.00    0.00   clock network delay (ideal)
                          0.25    0.25   clock uncertainty
                          0.00    0.25   clock reconvergence pessimism
                                  0.25 ^ _178_/CLK (sky130_fd_sc_hd__dfrtp_2)
                          0.43    0.68   library removal time
                                  0.68   data required time
-----------------------------------------------------------------------------
                                  0.68   data required time
                                 -2.22   data arrival time
-----------------------------------------------------------------------------
                                  1.54   slack (MET)


Startpoint: rst_n (input port clocked by clk)
Endpoint: _179_ (removal check against rising-edge clock clk)
Path Group: asynchronous
Path Type: min

Fanout     Cap    Slew   Delay    Time   Description
-----------------------------------------------------------------------------
                  0.15    0.00    0.00   clock clk (rise edge)
                          0.00    0.00   clock network delay (ideal)
                          2.00    2.00 ^ input external delay
                  0.35    0.22    2.22 ^ rst_n (in)
    21    0.08                           rst_n (net)
                  0.35    0.00    2.22 ^ _179_/RESET_B (sky130_fd_sc_hd__dfrtp_2)
                                  2.22   data arrival time

                  0.15    0.00    0.00   clock clk (rise edge)
                          0.00    0.00   clock network delay (ideal)
                          0.25    0.25   clock uncertainty
                          0.00    0.25   clock reconvergence pessimism
                                  0.25 ^ _179_/CLK (sky130_fd_sc_hd__dfrtp_2)
                          0.43    0.68   library removal time
                                  0.68   data required time
-----------------------------------------------------------------------------
                                  0.68   data required time
                                 -2.22   data arrival time
-----------------------------------------------------------------------------
                                  1.54   slack (MET)


Startpoint: rst_n (input port clocked by clk)
Endpoint: _180_ (removal check against rising-edge clock clk)
Path Group: asynchronous
Path Type: min

Fanout     Cap    Slew   Delay    Time   Description
-----------------------------------------------------------------------------
                  0.15    0.00    0.00   clock clk (rise edge)
                          0.00    0.00   clock network delay (ideal)
                          2.00    2.00 ^ input external delay
                  0.35    0.22    2.22 ^ rst_n (in)
    21    0.08                           rst_n (net)
                  0.35    0.00    2.22 ^ _180_/RESET_B (sky130_fd_sc_hd__dfrtp_2)
                                  2.22   data arrival time

                  0.15    0.00    0.00   clock clk (rise edge)
                          0.00    0.00   clock network delay (ideal)
                          0.25    0.25   clock uncertainty
                          0.00    0.25   clock reconvergence pessimism
                                  0.25 ^ _180_/CLK (sky130_fd_sc_hd__dfrtp_2)
                          0.43    0.68   library removal time
                                  0.68   data required time
-----------------------------------------------------------------------------
                                  0.68   data required time
                                 -2.22   data arrival time
-----------------------------------------------------------------------------
                                  1.54   slack (MET)


Startpoint: rst_n (input port clocked by clk)
Endpoint: _181_ (removal check against rising-edge clock clk)
Path Group: asynchronous
Path Type: min

Fanout     Cap    Slew   Delay    Time   Description
-----------------------------------------------------------------------------
                  0.15    0.00    0.00   clock clk (rise edge)
                          0.00    0.00   clock network delay (ideal)
                          2.00    2.00 ^ input external delay
                  0.35    0.22    2.22 ^ rst_n (in)
    21    0.08                           rst_n (net)
                  0.35    0.00    2.22 ^ _181_/RESET_B (sky130_fd_sc_hd__dfrtp_2)
                                  2.22   data arrival time

                  0.15    0.00    0.00   clock clk (rise edge)
                          0.00    0.00   clock network delay (ideal)
                          0.25    0.25   clock uncertainty
                          0.00    0.25   clock reconvergence pessimism
                                  0.25 ^ _181_/CLK (sky130_fd_sc_hd__dfrtp_2)
                          0.43    0.68   library removal time
                                  0.68   data required time
-----------------------------------------------------------------------------
                                  0.68   data required time
                                 -2.22   data arrival time
-----------------------------------------------------------------------------
                                  1.54   slack (MET)


Startpoint: rst_n (input port clocked by clk)
Endpoint: _182_ (removal check against rising-edge clock clk)
Path Group: asynchronous
Path Type: min

Fanout     Cap    Slew   Delay    Time   Description
-----------------------------------------------------------------------------
                  0.15    0.00    0.00   clock clk (rise edge)
                          0.00    0.00   clock network delay (ideal)
                          2.00    2.00 ^ input external delay
                  0.35    0.22    2.22 ^ rst_n (in)
    21    0.08                           rst_n (net)
                  0.35    0.00    2.22 ^ _182_/RESET_B (sky130_fd_sc_hd__dfrtp_2)
                                  2.22   data arrival time

                  0.15    0.00    0.00   clock clk (rise edge)
                          0.00    0.00   clock network delay (ideal)
                          0.25    0.25   clock uncertainty
                          0.00    0.25   clock reconvergence pessimism
                                  0.25 ^ _182_/CLK (sky130_fd_sc_hd__dfrtp_2)
                          0.43    0.68   library removal time
                                  0.68   data required time
-----------------------------------------------------------------------------
                                  0.68   data required time
                                 -2.22   data arrival time
-----------------------------------------------------------------------------
                                  1.54   slack (MET)


Startpoint: rst_n (input port clocked by clk)
Endpoint: _183_ (removal check against rising-edge clock clk)
Path Group: asynchronous
Path Type: min

Fanout     Cap    Slew   Delay    Time   Description
-----------------------------------------------------------------------------
                  0.15    0.00    0.00   clock clk (rise edge)
                          0.00    0.00   clock network delay (ideal)
                          2.00    2.00 ^ input external delay
                  0.35    0.22    2.22 ^ rst_n (in)
    21    0.08                           rst_n (net)
                  0.35    0.00    2.22 ^ _183_/RESET_B (sky130_fd_sc_hd__dfrtp_2)
                                  2.22   data arrival time

                  0.15    0.00    0.00   clock clk (rise edge)
                          0.00    0.00   clock network delay (ideal)
                          0.25    0.25   clock uncertainty
                          0.00    0.25   clock reconvergence pessimism
                                  0.25 ^ _183_/CLK (sky130_fd_sc_hd__dfrtp_2)
                          0.43    0.68   library removal time
                                  0.68   data required time
-----------------------------------------------------------------------------
                                  0.68   data required time
                                 -2.22   data arrival time
-----------------------------------------------------------------------------
                                  1.54   slack (MET)


Startpoint: rst_n (input port clocked by clk)
Endpoint: _184_ (removal check against rising-edge clock clk)
Path Group: asynchronous
Path Type: min

Fanout     Cap    Slew   Delay    Time   Description
-----------------------------------------------------------------------------
                  0.15    0.00    0.00   clock clk (rise edge)
                          0.00    0.00   clock network delay (ideal)
                          2.00    2.00 ^ input external delay
                  0.35    0.22    2.22 ^ rst_n (in)
    21    0.08                           rst_n (net)
                  0.35    0.00    2.22 ^ _184_/RESET_B (sky130_fd_sc_hd__dfrtp_2)
                                  2.22   data arrival time

                  0.15    0.00    0.00   clock clk (rise edge)
                          0.00    0.00   clock network delay (ideal)
                          0.25    0.25   clock uncertainty
                          0.00    0.25   clock reconvergence pessimism
                                  0.25 ^ _184_/CLK (sky130_fd_sc_hd__dfrtp_2)
                          0.43    0.68   library removal time
                                  0.68   data required time
-----------------------------------------------------------------------------
                                  0.68   data required time
                                 -2.22   data arrival time
-----------------------------------------------------------------------------
                                  1.54   slack (MET)


Startpoint: rst_n (input port clocked by clk)
Endpoint: _186_ (removal check against rising-edge clock clk)
Path Group: asynchronous
Path Type: min

Fanout     Cap    Slew   Delay    Time   Description
-----------------------------------------------------------------------------
                  0.15    0.00    0.00   clock clk (rise edge)
                          0.00    0.00   clock network delay (ideal)
                          2.00    2.00 ^ input external delay
                  0.35    0.22    2.22 ^ rst_n (in)
    21    0.08                           rst_n (net)
                  0.35    0.00    2.22 ^ _186_/RESET_B (sky130_fd_sc_hd__dfrtp_2)
                                  2.22   data arrival time

                  0.15    0.00    0.00   clock clk (rise edge)
                          0.00    0.00   clock network delay (ideal)
                          0.25    0.25   clock uncertainty
                          0.00    0.25   clock reconvergence pessimism
                                  0.25 ^ _186_/CLK (sky130_fd_sc_hd__dfrtp_2)
                          0.43    0.68   library removal time
                                  0.68   data required time
-----------------------------------------------------------------------------
                                  0.68   data required time
                                 -2.22   data arrival time
-----------------------------------------------------------------------------
                                  1.54   slack (MET)


Startpoint: rst_n (input port clocked by clk)
Endpoint: _188_ (removal check against rising-edge clock clk)
Path Group: asynchronous
Path Type: min

Fanout     Cap    Slew   Delay    Time   Description
-----------------------------------------------------------------------------
                  0.15    0.00    0.00   clock clk (rise edge)
                          0.00    0.00   clock network delay (ideal)
                          2.00    2.00 ^ input external delay
                  0.35    0.22    2.22 ^ rst_n (in)
    21    0.08                           rst_n (net)
                  0.35    0.00    2.22 ^ _188_/RESET_B (sky130_fd_sc_hd__dfrtp_2)
                                  2.22   data arrival time

                  0.15    0.00    0.00   clock clk (rise edge)
                          0.00    0.00   clock network delay (ideal)
                          0.25    0.25   clock uncertainty
                          0.00    0.25   clock reconvergence pessimism
                                  0.25 ^ _188_/CLK (sky130_fd_sc_hd__dfrtp_2)
                          0.43    0.68   library removal time
                                  0.68   data required time
-----------------------------------------------------------------------------
                                  0.68   data required time
                                 -2.22   data arrival time
-----------------------------------------------------------------------------
                                  1.54   slack (MET)


Startpoint: rst_n (input port clocked by clk)
Endpoint: _189_ (removal check against rising-edge clock clk)
Path Group: asynchronous
Path Type: min

Fanout     Cap    Slew   Delay    Time   Description
-----------------------------------------------------------------------------
                  0.15    0.00    0.00   clock clk (rise edge)
                          0.00    0.00   clock network delay (ideal)
                          2.00    2.00 ^ input external delay
                  0.35    0.22    2.22 ^ rst_n (in)
    21    0.08                           rst_n (net)
                  0.35    0.00    2.22 ^ _189_/RESET_B (sky130_fd_sc_hd__dfrtp_2)
                                  2.22   data arrival time

                  0.15    0.00    0.00   clock clk (rise edge)
                          0.00    0.00   clock network delay (ideal)
                          0.25    0.25   clock uncertainty
                          0.00    0.25   clock reconvergence pessimism
                                  0.25 ^ _189_/CLK (sky130_fd_sc_hd__dfrtp_2)
                          0.43    0.68   library removal time
                                  0.68   data required time
-----------------------------------------------------------------------------
                                  0.68   data required time
                                 -2.22   data arrival time
-----------------------------------------------------------------------------
                                  1.54   slack (MET)


Startpoint: rst_n (input port clocked by clk)
Endpoint: _190_ (removal check against rising-edge clock clk)
Path Group: asynchronous
Path Type: min

Fanout     Cap    Slew   Delay    Time   Description
-----------------------------------------------------------------------------
                  0.15    0.00    0.00   clock clk (rise edge)
                          0.00    0.00   clock network delay (ideal)
                          2.00    2.00 ^ input external delay
                  0.35    0.22    2.22 ^ rst_n (in)
    21    0.08                           rst_n (net)
                  0.35    0.00    2.22 ^ _190_/RESET_B (sky130_fd_sc_hd__dfrtp_2)
                                  2.22   data arrival time

                  0.15    0.00    0.00   clock clk (rise edge)
                          0.00    0.00   clock network delay (ideal)
                          0.25    0.25   clock uncertainty
                          0.00    0.25   clock reconvergence pessimism
                                  0.25 ^ _190_/CLK (sky130_fd_sc_hd__dfrtp_2)
                          0.43    0.68   library removal time
                                  0.68   data required time
-----------------------------------------------------------------------------
                                  0.68   data required time
                                 -2.22   data arrival time
-----------------------------------------------------------------------------
                                  1.54   slack (MET)


Startpoint: rst_n (input port clocked by clk)
Endpoint: _191_ (removal check against rising-edge clock clk)
Path Group: asynchronous
Path Type: min

Fanout     Cap    Slew   Delay    Time   Description
-----------------------------------------------------------------------------
                  0.15    0.00    0.00   clock clk (rise edge)
                          0.00    0.00   clock network delay (ideal)
                          2.00    2.00 ^ input external delay
                  0.35    0.22    2.22 ^ rst_n (in)
    21    0.08                           rst_n (net)
                  0.35    0.00    2.22 ^ _191_/RESET_B (sky130_fd_sc_hd__dfrtp_2)
                                  2.22   data arrival time

                  0.15    0.00    0.00   clock clk (rise edge)
                          0.00    0.00   clock network delay (ideal)
                          0.25    0.25   clock uncertainty
                          0.00    0.25   clock reconvergence pessimism
                                  0.25 ^ _191_/CLK (sky130_fd_sc_hd__dfrtp_2)
                          0.43    0.68   library removal time
                                  0.68   data required time
-----------------------------------------------------------------------------
                                  0.68   data required time
                                 -2.22   data arrival time
-----------------------------------------------------------------------------
                                  1.54   slack (MET)


Startpoint: rst_n (input port clocked by clk)
Endpoint: _192_ (removal check against rising-edge clock clk)
Path Group: asynchronous
Path Type: min

Fanout     Cap    Slew   Delay    Time   Description
-----------------------------------------------------------------------------
                  0.15    0.00    0.00   clock clk (rise edge)
                          0.00    0.00   clock network delay (ideal)
                          2.00    2.00 ^ input external delay
                  0.35    0.22    2.22 ^ rst_n (in)
    21    0.08                           rst_n (net)
                  0.35    0.00    2.22 ^ _192_/RESET_B (sky130_fd_sc_hd__dfrtp_2)
                                  2.22   data arrival time

                  0.15    0.00    0.00   clock clk (rise edge)
                          0.00    0.00   clock network delay (ideal)
                          0.25    0.25   clock uncertainty
                          0.00    0.25   clock reconvergence pessimism
                                  0.25 ^ _192_/CLK (sky130_fd_sc_hd__dfrtp_2)
                          0.43    0.68   library removal time
                                  0.68   data required time
-----------------------------------------------------------------------------
                                  0.68   data required time
                                 -2.22   data arrival time
-----------------------------------------------------------------------------
                                  1.54   slack (MET)


Startpoint: rst_n (input port clocked by clk)
Endpoint: _193_ (removal check against rising-edge clock clk)
Path Group: asynchronous
Path Type: min

Fanout     Cap    Slew   Delay    Time   Description
-----------------------------------------------------------------------------
                  0.15    0.00    0.00   clock clk (rise edge)
                          0.00    0.00   clock network delay (ideal)
                          2.00    2.00 ^ input external delay
                  0.35    0.22    2.22 ^ rst_n (in)
    21    0.08                           rst_n (net)
                  0.35    0.00    2.22 ^ _193_/RESET_B (sky130_fd_sc_hd__dfrtp_2)
                                  2.22   data arrival time

                  0.15    0.00    0.00   clock clk (rise edge)
                          0.00    0.00   clock network delay (ideal)
                          0.25    0.25   clock uncertainty
                          0.00    0.25   clock reconvergence pessimism
                                  0.25 ^ _193_/CLK (sky130_fd_sc_hd__dfrtp_2)
                          0.43    0.68   library removal time
                                  0.68   data required time
-----------------------------------------------------------------------------
                                  0.68   data required time
                                 -2.22   data arrival time
-----------------------------------------------------------------------------
                                  1.54   slack (MET)


Startpoint: rst_n (input port clocked by clk)
Endpoint: _194_ (removal check against rising-edge clock clk)
Path Group: asynchronous
Path Type: min

Fanout     Cap    Slew   Delay    Time   Description
-----------------------------------------------------------------------------
                  0.15    0.00    0.00   clock clk (rise edge)
                          0.00    0.00   clock network delay (ideal)
                          2.00    2.00 ^ input external delay
                  0.35    0.22    2.22 ^ rst_n (in)
    21    0.08                           rst_n (net)
                  0.35    0.00    2.22 ^ _194_/RESET_B (sky130_fd_sc_hd__dfrtp_2)
                                  2.22   data arrival time

                  0.15    0.00    0.00   clock clk (rise edge)
                          0.00    0.00   clock network delay (ideal)
                          0.25    0.25   clock uncertainty
                          0.00    0.25   clock reconvergence pessimism
                                  0.25 ^ _194_/CLK (sky130_fd_sc_hd__dfrtp_2)
                          0.43    0.68   library removal time
                                  0.68   data required time
-----------------------------------------------------------------------------
                                  0.68   data required time
                                 -2.22   data arrival time
-----------------------------------------------------------------------------
                                  1.54   slack (MET)


Startpoint: ui_in[0] (input port clocked by clk)
Endpoint: _193_ (rising edge-triggered flip-flop clocked by clk)
Path Group: clk
Path Type: min

Fanout     Cap    Slew   Delay    Time   Description
-----------------------------------------------------------------------------
                  0.15    0.00    0.00   clock clk (rise edge)
                          0.00    0.00   clock network delay (ideal)
                          2.00    2.00 v input external delay
                  0.01    0.00    2.00 v ui_in[0] (in)
     1    0.00                           ui_in[0] (net)
                  0.01    0.00    2.00 v _193_/D (sky130_fd_sc_hd__dfrtp_2)
                                  2.00   data arrival time

                  0.15    0.00    0.00   clock clk (rise edge)
                          0.00    0.00   clock network delay (ideal)
                          0.25    0.25   clock uncertainty
                          0.00    0.25   clock reconvergence pessimism
                                  0.25 ^ _193_/CLK (sky130_fd_sc_hd__dfrtp_2)
                          0.00    0.25   library hold time
                                  0.25   data required time
-----------------------------------------------------------------------------
                                  0.25   data required time
                                 -2.00   data arrival time
-----------------------------------------------------------------------------
                                  1.76   slack (MET)


Startpoint: rst_n (input port clocked by clk)
Endpoint: _185_ (removal check against rising-edge clock clk)
Path Group: asynchronous
Path Type: min

Fanout     Cap    Slew   Delay    Time   Description
-----------------------------------------------------------------------------
                  0.15    0.00    0.00   clock clk (rise edge)
                          0.00    0.00   clock network delay (ideal)
                          2.00    2.00 ^ input external delay
                  0.35    0.22    2.22 ^ rst_n (in)
    21    0.08                           rst_n (net)
                  0.35    0.00    2.22 ^ _185_/SET_B (sky130_fd_sc_hd__dfstp_2)
                                  2.22   data arrival time

                  0.15    0.00    0.00   clock clk (rise edge)
                          0.00    0.00   clock network delay (ideal)
                          0.25    0.25   clock uncertainty
                          0.00    0.25   clock reconvergence pessimism
                                  0.25 ^ _185_/CLK (sky130_fd_sc_hd__dfstp_2)
                          0.16    0.41   library removal time
                                  0.41   data required time
-----------------------------------------------------------------------------
                                  0.41   data required time
                                 -2.22   data arrival time
-----------------------------------------------------------------------------
                                  1.82   slack (MET)


Startpoint: rst_n (input port clocked by clk)
Endpoint: _187_ (removal check against rising-edge clock clk)
Path Group: asynchronous
Path Type: min

Fanout     Cap    Slew   Delay    Time   Description
-----------------------------------------------------------------------------
                  0.15    0.00    0.00   clock clk (rise edge)
                          0.00    0.00   clock network delay (ideal)
                          2.00    2.00 ^ input external delay
                  0.35    0.22    2.22 ^ rst_n (in)
    21    0.08                           rst_n (net)
                  0.35    0.00    2.22 ^ _187_/SET_B (sky130_fd_sc_hd__dfstp_2)
                                  2.22   data arrival time

                  0.15    0.00    0.00   clock clk (rise edge)
                          0.00    0.00   clock network delay (ideal)
                          0.25    0.25   clock uncertainty
                          0.00    0.25   clock reconvergence pessimism
                                  0.25 ^ _187_/CLK (sky130_fd_sc_hd__dfstp_2)
                          0.16    0.41   library removal time
                                  0.41   data required time
-----------------------------------------------------------------------------
                                  0.41   data required time
                                 -2.22   data arrival time
-----------------------------------------------------------------------------
                                  1.82   slack (MET)


Startpoint: _174_ (rising edge-triggered flip-flop clocked by clk)
Endpoint: user_interrupt (output port clocked by clk)
Path Group: clk
Path Type: min

Fanout     Cap    Slew   Delay    Time   Description
-----------------------------------------------------------------------------
                  0.15    0.00    0.00   clock clk (rise edge)
                          0.00    0.00   clock network delay (ideal)
                  0.15    0.00    0.00 ^ _174_/CLK (sky130_fd_sc_hd__dfrtp_2)
                  0.19    0.47    0.47 ^ _174_/Q (sky130_fd_sc_hd__dfrtp_2)
     3    0.04                           user_interrupt (net)
                  0.19    0.00    0.47 ^ user_interrupt (out)
                                  0.47   data arrival time

                  0.15    0.00    0.00   clock clk (rise edge)
                          0.00    0.00   clock network delay (ideal)
                          0.25    0.25   clock uncertainty
                          0.00    0.25   clock reconvergence pessimism
                         -2.00   -1.75   output external delay
                                 -1.75   data required time
-----------------------------------------------------------------------------
                                 -1.75   data required time
                                 -0.47   data arrival time
-----------------------------------------------------------------------------
                                  2.22   slack (MET)


Startpoint: _179_ (rising edge-triggered flip-flop clocked by clk)
Endpoint: data_out[2] (output port clocked by clk)
Path Group: clk
Path Type: min

Fanout     Cap    Slew   Delay    Time   Description
-----------------------------------------------------------------------------
                  0.15    0.00    0.00   clock clk (rise edge)
                          0.00    0.00   clock network delay (ideal)
                  0.15    0.00    0.00 ^ _179_/CLK (sky130_fd_sc_hd__dfrtp_2)
                  0.07    0.38    0.38 ^ _179_/Q (sky130_fd_sc_hd__dfrtp_2)
     4    0.01                           wifi_count_reg[2] (net)
                  0.07    0.00    0.38 ^ _127_/A1 (sky130_fd_sc_hd__a21o_2)
                  0.17    0.21    0.60 ^ _127_/X (sky130_fd_sc_hd__a21o_2)
     1    0.03                           data_out[2] (net)
                  0.17    0.00    0.60 ^ data_out[2] (out)
                                  0.60   data arrival time

                  0.15    0.00    0.00   clock clk (rise edge)
                          0.00    0.00   clock network delay (ideal)
                          0.25    0.25   clock uncertainty
                          0.00    0.25   clock reconvergence pessimism
                         -2.00   -1.75   output external delay
                                 -1.75   data required time
-----------------------------------------------------------------------------
                                 -1.75   data required time
                                 -0.60   data arrival time
-----------------------------------------------------------------------------
                                  2.35   slack (MET)


Startpoint: _178_ (rising edge-triggered flip-flop clocked by clk)
Endpoint: data_out[1] (output port clocked by clk)
Path Group: clk
Path Type: min

Fanout     Cap    Slew   Delay    Time   Description
-----------------------------------------------------------------------------
                  0.15    0.00    0.00   clock clk (rise edge)
                          0.00    0.00   clock network delay (ideal)
                  0.15    0.00    0.00 ^ _178_/CLK (sky130_fd_sc_hd__dfrtp_2)
                  0.08    0.39    0.39 ^ _178_/Q (sky130_fd_sc_hd__dfrtp_2)
     5    0.01                           wifi_count_reg[1] (net)
                  0.08    0.00    0.39 ^ _124_/A1 (sky130_fd_sc_hd__a211oi_2)
                  0.02    0.06    0.45 v _124_/Y (sky130_fd_sc_hd__a211oi_2)
     1    0.00                           _022_ (net)
                  0.02    0.00    0.45 v _125_/B1 (sky130_fd_sc_hd__o31ai_2)
                  0.21    0.15    0.60 ^ _125_/Y (sky130_fd_sc_hd__o31ai_2)
     1    0.03                           data_out[1] (net)
                  0.21    0.00    0.60 ^ data_out[1] (out)
                                  0.60   data arrival time

                  0.15    0.00    0.00   clock clk (rise edge)
                          0.00    0.00   clock network delay (ideal)
                          0.25    0.25   clock uncertainty
                          0.00    0.25   clock reconvergence pessimism
                         -2.00   -1.75   output external delay
                                 -1.75   data required time
-----------------------------------------------------------------------------
                                 -1.75   data required time
                                 -0.60   data arrival time
-----------------------------------------------------------------------------
                                  2.35   slack (MET)


Startpoint: _191_ (rising edge-triggered flip-flop clocked by clk)
Endpoint: data_out[6] (output port clocked by clk)
Path Group: clk
Path Type: min

Fanout     Cap    Slew   Delay    Time   Description
-----------------------------------------------------------------------------
                  0.15    0.00    0.00   clock clk (rise edge)
                          0.00    0.00   clock network delay (ideal)
                  0.15    0.00    0.00 ^ _191_/CLK (sky130_fd_sc_hd__dfrtp_2)
                  0.06    0.37    0.37 ^ _191_/Q (sky130_fd_sc_hd__dfrtp_2)
     4    0.01                           threshold_reg[6] (net)
                  0.06    0.00    0.37 ^ _131_/A1 (sky130_fd_sc_hd__a22o_2)
                  0.18    0.23    0.61 ^ _131_/X (sky130_fd_sc_hd__a22o_2)
     1    0.03                           data_out[6] (net)
                  0.18    0.00    0.61 ^ data_out[6] (out)
                                  0.61   data arrival time

                  0.15    0.00    0.00   clock clk (rise edge)
                          0.00    0.00   clock network delay (ideal)
                          0.25    0.25   clock uncertainty
                          0.00    0.25   clock reconvergence pessimism
                         -2.00   -1.75   output external delay
                                 -1.75   data required time
-----------------------------------------------------------------------------
                                 -1.75   data required time
                                 -0.61   data arrival time
-----------------------------------------------------------------------------
                                  2.36   slack (MET)


Startpoint: _190_ (rising edge-triggered flip-flop clocked by clk)
Endpoint: data_out[5] (output port clocked by clk)
Path Group: clk
Path Type: min

Fanout     Cap    Slew   Delay    Time   Description
-----------------------------------------------------------------------------
                  0.15    0.00    0.00   clock clk (rise edge)
                          0.00    0.00   clock network delay (ideal)
                  0.15    0.00    0.00 ^ _190_/CLK (sky130_fd_sc_hd__dfrtp_2)
                  0.06    0.37    0.37 ^ _190_/Q (sky130_fd_sc_hd__dfrtp_2)
     4    0.01                           threshold_reg[5] (net)
                  0.06    0.00    0.37 ^ _130_/A1 (sky130_fd_sc_hd__a22o_2)
                  0.18    0.23    0.61 ^ _130_/X (sky130_fd_sc_hd__a22o_2)
     1    0.03                           data_out[5] (net)
                  0.18    0.00    0.61 ^ data_out[5] (out)
                                  0.61   data arrival time

                  0.15    0.00    0.00   clock clk (rise edge)
                          0.00    0.00   clock network delay (ideal)
                          0.25    0.25   clock uncertainty
                          0.00    0.25   clock reconvergence pessimism
                         -2.00   -1.75   output external delay
                                 -1.75   data required time
-----------------------------------------------------------------------------
                                 -1.75   data required time
                                 -0.61   data arrival time
-----------------------------------------------------------------------------
                                  2.36   slack (MET)


Startpoint: _189_ (rising edge-triggered flip-flop clocked by clk)
Endpoint: data_out[4] (output port clocked by clk)
Path Group: clk
Path Type: min

Fanout     Cap    Slew   Delay    Time   Description
-----------------------------------------------------------------------------
                  0.15    0.00    0.00   clock clk (rise edge)
                          0.00    0.00   clock network delay (ideal)
                  0.15    0.00    0.00 ^ _189_/CLK (sky130_fd_sc_hd__dfrtp_2)
                  0.06    0.38    0.38 ^ _189_/Q (sky130_fd_sc_hd__dfrtp_2)
     4    0.01                           threshold_reg[4] (net)
                  0.06    0.00    0.38 ^ _129_/A1 (sky130_fd_sc_hd__a22o_2)
                  0.18    0.24    0.61 ^ _129_/X (sky130_fd_sc_hd__a22o_2)
     1    0.03                           data_out[4] (net)
                  0.18    0.00    0.61 ^ data_out[4] (out)
                                  0.61   data arrival time

                  0.15    0.00    0.00   clock clk (rise edge)
                          0.00    0.00   clock network delay (ideal)
                          0.25    0.25   clock uncertainty
                          0.00    0.25   clock reconvergence pessimism
                         -2.00   -1.75   output external delay
                                 -1.75   data required time
-----------------------------------------------------------------------------
                                 -1.75   data required time
                                 -0.61   data arrival time
-----------------------------------------------------------------------------
                                  2.36   slack (MET)


Startpoint: _188_ (rising edge-triggered flip-flop clocked by clk)
Endpoint: data_out[3] (output port clocked by clk)
Path Group: clk
Path Type: min

Fanout     Cap    Slew   Delay    Time   Description
-----------------------------------------------------------------------------
                  0.15    0.00    0.00   clock clk (rise edge)
                          0.00    0.00   clock network delay (ideal)
                  0.15    0.00    0.00 ^ _188_/CLK (sky130_fd_sc_hd__dfrtp_2)
                  0.07    0.38    0.38 ^ _188_/Q (sky130_fd_sc_hd__dfrtp_2)
     4    0.01                           threshold_reg[3] (net)
                  0.07    0.00    0.38 ^ _128_/A1 (sky130_fd_sc_hd__a22o_2)
                  0.18    0.24    0.61 ^ _128_/X (sky130_fd_sc_hd__a22o_2)
     1    0.03                           data_out[3] (net)
                  0.18    0.00    0.61 ^ data_out[3] (out)
                                  0.61   data arrival time

                  0.15    0.00    0.00   clock clk (rise edge)
                          0.00    0.00   clock network delay (ideal)
                          0.25    0.25   clock uncertainty
                          0.00    0.25   clock reconvergence pessimism
                         -2.00   -1.75   output external delay
                                 -1.75   data required time
-----------------------------------------------------------------------------
                                 -1.75   data required time
                                 -0.61   data arrival time
-----------------------------------------------------------------------------
                                  2.36   slack (MET)


Startpoint: _192_ (rising edge-triggered flip-flop clocked by clk)
Endpoint: data_out[7] (output port clocked by clk)
Path Group: clk
Path Type: min

Fanout     Cap    Slew   Delay    Time   Description
-----------------------------------------------------------------------------
                  0.15    0.00    0.00   clock clk (rise edge)
                          0.00    0.00   clock network delay (ideal)
                  0.15    0.00    0.00 ^ _192_/CLK (sky130_fd_sc_hd__dfrtp_2)
                  0.07    0.38    0.38 ^ _192_/Q (sky130_fd_sc_hd__dfrtp_2)
     4    0.01                           threshold_reg[7] (net)
                  0.07    0.00    0.38 ^ _132_/A1 (sky130_fd_sc_hd__a22o_2)
                  0.18    0.24    0.62 ^ _132_/X (sky130_fd_sc_hd__a22o_2)
     1    0.03                           data_out[7] (net)
                  0.18    0.00    0.62 ^ data_out[7] (out)
                                  0.62   data arrival time

                  0.15    0.00    0.00   clock clk (rise edge)
                          0.00    0.00   clock network delay (ideal)
                          0.25    0.25   clock uncertainty
                          0.00    0.25   clock reconvergence pessimism
                         -2.00   -1.75   output external delay
                                 -1.75   data required time
-----------------------------------------------------------------------------
                                 -1.75   data required time
                                 -0.62   data arrival time
-----------------------------------------------------------------------------
                                  2.37   slack (MET)


Startpoint: _177_ (rising edge-triggered flip-flop clocked by clk)
Endpoint: data_out[0] (output port clocked by clk)
Path Group: clk
Path Type: min

Fanout     Cap    Slew   Delay    Time   Description
-----------------------------------------------------------------------------
                  0.15    0.00    0.00   clock clk (rise edge)
                          0.00    0.00   clock network delay (ideal)
                  0.15    0.00    0.00 ^ _177_/CLK (sky130_fd_sc_hd__dfrtp_2)
                  0.06    0.37    0.37 ^ _177_/Q (sky130_fd_sc_hd__dfrtp_2)
     4    0.01                           wifi_count_reg[0] (net)
                  0.06    0.00    0.37 ^ _115_/B2 (sky130_fd_sc_hd__a22o_2)
                  0.03    0.11    0.48 ^ _115_/X (sky130_fd_sc_hd__a22o_2)
     1    0.00                           _078_ (net)
                  0.03    0.00    0.48 ^ _118_/B (sky130_fd_sc_hd__or3b_2)
                  0.03    0.09    0.57 ^ _118_/X (sky130_fd_sc_hd__or3b_2)
     1    0.00                           _081_ (net)
                  0.03    0.00    0.57 ^ _119_/A (sky130_fd_sc_hd__buf_1)
                  0.40    0.30    0.87 ^ _119_/X (sky130_fd_sc_hd__buf_1)
     1    0.03                           data_out[0] (net)
                  0.40    0.00    0.87 ^ data_out[0] (out)
                                  0.87   data arrival time

                  0.15    0.00    0.00   clock clk (rise edge)
                          0.00    0.00   clock network delay (ideal)
                          0.25    0.25   clock uncertainty
                          0.00    0.25   clock reconvergence pessimism
                         -2.00   -1.75   output external delay
                                 -1.75   data required time
-----------------------------------------------------------------------------
                                 -1.75   data required time
                                 -0.87   data arrival time
-----------------------------------------------------------------------------
                                  2.62   slack (MET)



